Mar 20 11:11:59 evidence sshd[3396]: pam_unix(sshd:auth): authentication failure; logname= uid=0 euid=0 tty=ssh ruser= rhost=112.33.3.175  user=root
Mar 20 11:12:01 evidence sshd[3398]: pam_unix(sshd:auth): authentication failure; logname= uid=0 euid=0 tty=ssh ruser= rhost=218.25.208.90  user=root
Mar 20 11:12:01 evidence sshd[3396]: Failed password for root from 112.33.3.175 port 33053 ssh2
Mar 20 11:12:02 evidence sshd[3396]: Received disconnect from 112.33.3.175: 11: Bye Bye [preauth]
Mar 20 11:12:04 evidence sshd[3398]: Failed password for root from 218.25.208.90 port 4761 ssh2
Mar 20 11:12:04 evidence sshd[3400]: pam_unix(sshd:auth): authentication failure; logname= uid=0 euid=0 tty=ssh ruser= rhost=112.33.3.175  user=root
Mar 20 11:12:06 evidence sshd[3400]: Failed password for root from 112.33.3.175 port 34841 ssh2
Mar 20 11:12:06 evidence sshd[3400]: Received disconnect from 112.33.3.175: 11: Bye Bye [preauth]
Mar 20 11:12:09 evidence sshd[3402]: pam_unix(sshd:auth): authentication failure; logname= uid=0 euid=0 tty=ssh ruser= rhost=112.33.3.175  user=root
Mar 20 11:12:11 evidence sshd[3402]: Failed password for root from 112.33.3.175 port 36150 ssh2
Mar 20 11:12:11 evidence sshd[3402]: Received disconnect from 112.33.3.175: 11: Bye Bye [preauth]
Mar 20 11:12:15 evidence sshd[3404]: pam_unix(sshd:auth): authentication failure; logname= uid=0 euid=0 tty=ssh ruser= rhost=112.33.3.175  user=root
Mar 20 11:12:17 evidence sshd[3404]: Failed password for root from 112.33.3.175 port 37607 ssh2
Mar 20 11:12:18 evidence sshd[3404]: Received disconnect from 112.33.3.175: 11: Bye Bye [preauth]
Mar 20 11:12:18 evidence sshd[3398]: message repeated 5 times: [ Failed password for root from 218.25.208.90 port 4761 ssh2]
Mar 20 11:12:18 evidence sshd[3398]: error: maximum authentication attempts exceeded for root from 218.25.208.90 port 4761 ssh2 [preauth]
Mar 20 11:12:18 evidence sshd[3398]: Disconnecting: Too many authentication failures for root [preauth]
Mar 20 11:12:18 evidence sshd[3398]: PAM 5 more authentication failures; logname= uid=0 euid=0 tty=ssh ruser= rhost=218.25.208.90  user=root
Mar 20 11:12:18 evidence sshd[3398]: PAM service(sshd) ignoring max retries; 6 > 3
Mar 20 11:12:21 evidence sshd[3406]: pam_unix(sshd:auth): authentication failure; logname= uid=0 euid=0 tty=ssh ruser= rhost=112.33.3.175  user=root
Mar 20 11:12:21 evidence sshd[3408]: pam_unix(sshd:auth): authentication failure; logname= uid=0 euid=0 tty=ssh ruser= rhost=218.25.208.90  user=root
Mar 20 11:12:22 evidence sshd[3406]: Failed password for root from 112.33.3.175 port 39454 ssh2
Mar 20 11:12:23 evidence sshd[3406]: Received disconnect from 112.33.3.175: 11: Bye Bye [preauth]
Mar 20 11:12:23 evidence sshd[3408]: Failed password for root from 218.25.208.90 port 22546 ssh2
Mar 20 11:12:27 evidence sshd[3410]: pam_unix(sshd:auth): authentication failure; logname= uid=0 euid=0 tty=ssh ruser= rhost=112.33.3.175  user=root
Mar 20 11:12:29 evidence sshd[3410]: Failed password for root from 112.33.3.175 port 40860 ssh2
Mar 20 11:12:29 evidence sshd[3410]: Received disconnect from 112.33.3.175: 11: Bye Bye [preauth]
Mar 20 11:12:32 evidence sshd[3412]: pam_unix(sshd:auth): authentication failure; logname= uid=0 euid=0 tty=ssh ruser= rhost=112.33.3.175  user=root
Mar 20 11:12:34 evidence sshd[3412]: Failed password for root from 112.33.3.175 port 42720 ssh2
Mar 20 11:12:34 evidence sshd[3412]: Received disconnect from 112.33.3.175: 11: Bye Bye [preauth]
Mar 20 11:12:37 evidence sshd[3414]: pam_unix(sshd:auth): authentication failure; logname= uid=0 euid=0 tty=ssh ruser= rhost=112.33.3.175  user=root
Mar 20 11:12:38 evidence sshd[3408]: message repeated 5 times: [ Failed password for root from 218.25.208.90 port 22546 ssh2]
Mar 20 11:12:38 evidence sshd[3408]: error: maximum authentication attempts exceeded for root from 218.25.208.90 port 22546 ssh2 [preauth]
Mar 20 11:12:38 evidence sshd[3408]: Disconnecting: Too many authentication failures for root [preauth]
Mar 20 11:12:38 evidence sshd[3408]: PAM 5 more authentication failures; logname= uid=0 euid=0 tty=ssh ruser= rhost=218.25.208.90  user=root
Mar 20 11:12:38 evidence sshd[3408]: PAM service(sshd) ignoring max retries; 6 > 3
Mar 20 11:12:39 evidence sshd[3414]: Failed password for root from 112.33.3.175 port 44178 ssh2
Mar 20 11:12:39 evidence sshd[3414]: Received disconnect from 112.33.3.175: 11: Bye Bye [preauth]
Mar 20 11:12:41 evidence sshd[3416]: pam_unix(sshd:auth): authentication failure; logname= uid=0 euid=0 tty=ssh ruser= rhost=112.33.3.175  user=root
Mar 20 11:12:42 evidence sshd[3418]: pam_unix(sshd:auth): authentication failure; logname= uid=0 euid=0 tty=ssh ruser= rhost=218.25.208.90  user=root
Mar 20 11:12:43 evidence sshd[3416]: Failed password for root from 112.33.3.175 port 45608 ssh2
Mar 20 11:12:44 evidence sshd[3416]: Received disconnect from 112.33.3.175: 11: Bye Bye [preauth]
Mar 20 11:12:44 evidence sshd[3418]: Failed password for root from 218.25.208.90 port 40158 ssh2
Mar 20 11:12:48 evidence sshd[3420]: pam_unix(sshd:auth): authentication failure; logname= uid=0 euid=0 tty=ssh ruser= rhost=112.33.3.175  user=root
Mar 20 11:12:50 evidence sshd[3420]: Failed password for root from 112.33.3.175 port 46922 ssh2
Mar 20 11:12:50 evidence sshd[3420]: Received disconnect from 112.33.3.175: 11: Bye Bye [preauth]
Mar 20 11:12:55 evidence sshd[3422]: pam_unix(sshd:auth): authentication failure; logname= uid=0 euid=0 tty=ssh ruser= rhost=112.33.3.175  user=root
Mar 20 11:12:58 evidence sshd[3422]: Failed password for root from 112.33.3.175 port 48736 ssh2
Mar 20 11:12:58 evidence sshd[3418]: message repeated 5 times: [ Failed password for root from 218.25.208.90 port 40158 ssh2]
Mar 20 11:12:58 evidence sshd[3418]: error: maximum authentication attempts exceeded for root from 218.25.208.90 port 40158 ssh2 [preauth]
Mar 20 11:12:58 evidence sshd[3418]: Disconnecting: Too many authentication failures for root [preauth]
Mar 20 11:12:58 evidence sshd[3418]: PAM 5 more authentication failures; logname= uid=0 euid=0 tty=ssh ruser= rhost=218.25.208.90  user=root
Mar 20 11:12:58 evidence sshd[3418]: PAM service(sshd) ignoring max retries; 6 > 3
Mar 20 11:12:58 evidence sshd[3422]: Received disconnect from 112.33.3.175: 11: Bye Bye [preauth]
Mar 20 11:13:01 evidence sshd[3424]: pam_unix(sshd:auth): authentication failure; logname= uid=0 euid=0 tty=ssh ruser= rhost=112.33.3.175  user=root
Mar 20 11:13:02 evidence sshd[3426]: pam_unix(sshd:auth): authentication failure; logname= uid=0 euid=0 tty=ssh ruser= rhost=218.25.208.90  user=root
Mar 20 11:13:03 evidence sshd[3426]: Failed password for root from 218.25.208.90 port 57575 ssh2
Mar 20 11:13:04 evidence sshd[3424]: Failed password for root from 112.33.3.175 port 50998 ssh2
Mar 20 11:13:04 evidence sshd[3424]: Received disconnect from 112.33.3.175: 11: Bye Bye [preauth]
Mar 20 11:13:07 evidence sshd[3428]: pam_unix(sshd:auth): authentication failure; logname= uid=0 euid=0 tty=ssh ruser= rhost=112.33.3.175  user=root
Mar 20 11:13:10 evidence sshd[3428]: Failed password for root from 112.33.3.175 port 52754 ssh2
Mar 20 11:13:10 evidence sshd[3428]: Received disconnect from 112.33.3.175: 11: Bye Bye [preauth]
Mar 20 11:13:13 evidence sshd[3430]: pam_unix(sshd:auth): authentication failure; logname= uid=0 euid=0 tty=ssh ruser= rhost=112.33.3.175  user=root
Mar 20 11:13:16 evidence sshd[3430]: Failed password for root from 112.33.3.175 port 54368 ssh2
Mar 20 11:13:16 evidence sshd[3430]: Received disconnect from 112.33.3.175: 11: Bye Bye [preauth]
Mar 20 11:13:18 evidence sshd[3426]: message repeated 5 times: [ Failed password for root from 218.25.208.90 port 57575 ssh2]
Mar 20 11:13:18 evidence sshd[3426]: error: maximum authentication attempts exceeded for root from 218.25.208.90 port 57575 ssh2 [preauth]
Mar 20 11:13:18 evidence sshd[3426]: Disconnecting: Too many authentication failures for root [preauth]
Mar 20 11:13:18 evidence sshd[3426]: PAM 5 more authentication failures; logname= uid=0 euid=0 tty=ssh ruser= rhost=218.25.208.90  user=root
Mar 20 11:13:18 evidence sshd[3426]: PAM service(sshd) ignoring max retries; 6 > 3
Mar 20 11:13:18 evidence sshd[3432]: pam_unix(sshd:auth): authentication failure; logname= uid=0 euid=0 tty=ssh ruser= rhost=112.33.3.175  user=root
Mar 20 11:13:21 evidence sshd[3432]: Failed password for root from 112.33.3.175 port 56005 ssh2
Mar 20 11:13:21 evidence sshd[3432]: Received disconnect from 112.33.3.175: 11: Bye Bye [preauth]
Mar 20 11:13:21 evidence sshd[3434]: pam_unix(sshd:auth): authentication failure; logname= uid=0 euid=0 tty=ssh ruser= rhost=218.25.208.90  user=root
Mar 20 11:13:24 evidence sshd[3434]: Failed password for root from 218.25.208.90 port 9802 ssh2
Mar 20 11:13:24 evidence sshd[3436]: pam_unix(sshd:auth): authentication failure; logname= uid=0 euid=0 tty=ssh ruser= rhost=112.33.3.175  user=root
Mar 20 11:13:27 evidence sshd[3436]: Failed password for root from 112.33.3.175 port 57481 ssh2
Mar 20 11:13:27 evidence sshd[3436]: Received disconnect from 112.33.3.175: 11: Bye Bye [preauth]
Mar 20 11:13:30 evidence sshd[3438]: pam_unix(sshd:auth): authentication failure; logname= uid=0 euid=0 tty=ssh ruser= rhost=112.33.3.175  user=root
Mar 20 11:13:33 evidence sshd[3438]: Failed password for root from 112.33.3.175 port 59142 ssh2
Mar 20 11:13:33 evidence sshd[3438]: Received disconnect from 112.33.3.175: 11: Bye Bye [preauth]
Mar 20 11:13:37 evidence sshd[3440]: pam_unix(sshd:auth): authentication failure; logname= uid=0 euid=0 tty=ssh ruser= rhost=112.33.3.175  user=root
Mar 20 11:13:39 evidence sshd[3434]: message repeated 5 times: [ Failed password for root from 218.25.208.90 port 9802 ssh2]
Mar 20 11:13:39 evidence sshd[3434]: error: maximum authentication attempts exceeded for root from 218.25.208.90 port 9802 ssh2 [preauth]
Mar 20 11:13:39 evidence sshd[3434]: Disconnecting: Too many authentication failures for root [preauth]
Mar 20 11:13:39 evidence sshd[3434]: PAM 5 more authentication failures; logname= uid=0 euid=0 tty=ssh ruser= rhost=218.25.208.90  user=root
Mar 20 11:13:39 evidence sshd[3434]: PAM service(sshd) ignoring max retries; 6 > 3
Mar 20 11:13:39 evidence sshd[3440]: Failed password for root from 112.33.3.175 port 60840 ssh2
Mar 20 11:13:39 evidence sshd[3440]: Received disconnect from 112.33.3.175: 11: Bye Bye [preauth]
Mar 20 11:13:41 evidence sshd[3442]: pam_unix(sshd:auth): authentication failure; logname= uid=0 euid=0 tty=ssh ruser= rhost=112.33.3.175  user=root
Mar 20 11:13:43 evidence sshd[3444]: pam_unix(sshd:auth): authentication failure; logname= uid=0 euid=0 tty=ssh ruser= rhost=218.25.208.90  user=root
Mar 20 11:13:44 evidence sshd[3442]: Failed password for root from 112.33.3.175 port 34492 ssh2
Mar 20 11:13:44 evidence sshd[3442]: Received disconnect from 112.33.3.175: 11: Bye Bye [preauth]
Mar 20 11:13:46 evidence sshd[3444]: Failed password for root from 218.25.208.90 port 28482 ssh2
Mar 20 11:13:47 evidence sshd[3446]: pam_unix(sshd:auth): authentication failure; logname= uid=0 euid=0 tty=ssh ruser= rhost=112.33.3.175  user=root
Mar 20 11:13:50 evidence sshd[3446]: Failed password for root from 112.33.3.175 port 35742 ssh2
Mar 20 11:13:50 evidence sshd[3446]: Received disconnect from 112.33.3.175: 11: Bye Bye [preauth]
Mar 20 11:13:52 evidence sshd[3448]: pam_unix(sshd:auth): authentication failure; logname= uid=0 euid=0 tty=ssh ruser= rhost=112.33.3.175  user=root
Mar 20 11:13:54 evidence sshd[3448]: Failed password for root from 112.33.3.175 port 37422 ssh2
Mar 20 11:13:54 evidence sshd[3448]: Received disconnect from 112.33.3.175: 11: Bye Bye [preauth]
Mar 20 11:13:56 evidence sshd[3450]: pam_unix(sshd:auth): authentication failure; logname= uid=0 euid=0 tty=ssh ruser= rhost=112.33.3.175  user=root
Mar 20 11:13:58 evidence sshd[3450]: Failed password for root from 112.33.3.175 port 38558 ssh2
Mar 20 11:13:59 evidence sshd[3450]: Received disconnect from 112.33.3.175: 11: Bye Bye [preauth]
Mar 20 11:14:00 evidence sshd[3444]: message repeated 5 times: [ Failed password for root from 218.25.208.90 port 28482 ssh2]
Mar 20 11:14:00 evidence sshd[3444]: error: maximum authentication attempts exceeded for root from 218.25.208.90 port 28482 ssh2 [preauth]
Mar 20 11:14:00 evidence sshd[3444]: Disconnecting: Too many authentication failures for root [preauth]
Mar 20 11:14:00 evidence sshd[3444]: PAM 5 more authentication failures; logname= uid=0 euid=0 tty=ssh ruser= rhost=218.25.208.90  user=root
Mar 20 11:14:00 evidence sshd[3444]: PAM service(sshd) ignoring max retries; 6 > 3
Mar 20 11:14:03 evidence sshd[3452]: pam_unix(sshd:auth): authentication failure; logname= uid=0 euid=0 tty=ssh ruser= rhost=112.33.3.175  user=root
Mar 20 11:14:04 evidence sshd[3454]: pam_unix(sshd:auth): authentication failure; logname= uid=0 euid=0 tty=ssh ruser= rhost=218.25.208.90  user=root
Mar 20 11:14:04 evidence sshd[3452]: Failed password for root from 112.33.3.175 port 39915 ssh2
Mar 20 11:14:04 evidence sshd[3452]: Received disconnect from 112.33.3.175: 11: Bye Bye [preauth]
Mar 20 11:14:05 evidence sshd[3454]: Failed password for root from 218.25.208.90 port 46991 ssh2
Mar 20 11:14:07 evidence sshd[3456]: pam_unix(sshd:auth): authentication failure; logname= uid=0 euid=0 tty=ssh ruser= rhost=112.33.3.175  user=root
Mar 20 11:14:10 evidence sshd[3456]: Failed password for root from 112.33.3.175 port 41587 ssh2
Mar 20 11:14:10 evidence sshd[3456]: Received disconnect from 112.33.3.175: 11: Bye Bye [preauth]
Mar 20 11:14:12 evidence sshd[3458]: pam_unix(sshd:auth): authentication failure; logname= uid=0 euid=0 tty=ssh ruser= rhost=112.33.3.175  user=root
Mar 20 11:14:14 evidence sshd[3458]: Failed password for root from 112.33.3.175 port 43220 ssh2
Mar 20 11:14:14 evidence sshd[3458]: Received disconnect from 112.33.3.175: 11: Bye Bye [preauth]
Mar 20 11:14:17 evidence sshd[3462]: Did not receive identification string from 189.125.1.14
Mar 20 11:14:18 evidence sshd[3460]: pam_unix(sshd:auth): authentication failure; logname= uid=0 euid=0 tty=ssh ruser= rhost=112.33.3.175  user=root
Mar 20 11:14:19 evidence sshd[3454]: message repeated 5 times: [ Failed password for root from 218.25.208.90 port 46991 ssh2]
Mar 20 11:14:19 evidence sshd[3454]: error: maximum authentication attempts exceeded for root from 218.25.208.90 port 46991 ssh2 [preauth]
Mar 20 11:14:19 evidence sshd[3454]: Disconnecting: Too many authentication failures for root [preauth]
Mar 20 11:14:19 evidence sshd[3454]: PAM 5 more authentication failures; logname= uid=0 euid=0 tty=ssh ruser= rhost=218.25.208.90  user=root
Mar 20 11:14:19 evidence sshd[3454]: PAM service(sshd) ignoring max retries; 6 > 3
Mar 20 11:14:21 evidence sshd[3460]: Failed password for root from 112.33.3.175 port 44488 ssh2
Mar 20 11:14:21 evidence sshd[3460]: Received disconnect from 112.33.3.175: 11: Bye Bye [preauth]
Mar 20 11:14:23 evidence sshd[3463]: pam_unix(sshd:auth): authentication failure; logname= uid=0 euid=0 tty=ssh ruser= rhost=218.25.208.90  user=root
Mar 20 11:14:24 evidence sshd[3465]: pam_unix(sshd:auth): authentication failure; logname= uid=0 euid=0 tty=ssh ruser= rhost=112.33.3.175  user=root
Mar 20 11:14:25 evidence sshd[3463]: Failed password for root from 218.25.208.90 port 64519 ssh2
Mar 20 11:14:26 evidence sshd[3465]: Failed password for root from 112.33.3.175 port 46369 ssh2
Mar 20 11:14:26 evidence sshd[3465]: Received disconnect from 112.33.3.175: 11: Bye Bye [preauth]
Mar 20 11:14:29 evidence sshd[3467]: pam_unix(sshd:auth): authentication failure; logname= uid=0 euid=0 tty=ssh ruser= rhost=112.33.3.175  user=root
Mar 20 11:14:31 evidence sshd[3467]: Failed password for root from 112.33.3.175 port 47969 ssh2
Mar 20 11:14:32 evidence sshd[3467]: Received disconnect from 112.33.3.175: 11: Bye Bye [preauth]
Mar 20 11:14:35 evidence sshd[3469]: pam_unix(sshd:auth): authentication failure; logname= uid=0 euid=0 tty=ssh ruser= rhost=112.33.3.175  user=root
Mar 20 11:14:37 evidence sshd[3469]: Failed password for root from 112.33.3.175 port 49506 ssh2
Mar 20 11:14:37 evidence sshd[3469]: Received disconnect from 112.33.3.175: 11: Bye Bye [preauth]
Mar 20 11:14:40 evidence sshd[3463]: message repeated 5 times: [ Failed password for root from 218.25.208.90 port 64519 ssh2]
Mar 20 11:14:40 evidence sshd[3463]: error: maximum authentication attempts exceeded for root from 218.25.208.90 port 64519 ssh2 [preauth]
Mar 20 11:14:40 evidence sshd[3463]: Disconnecting: Too many authentication failures for root [preauth]
Mar 20 11:14:40 evidence sshd[3463]: PAM 5 more authentication failures; logname= uid=0 euid=0 tty=ssh ruser= rhost=218.25.208.90  user=root
Mar 20 11:14:40 evidence sshd[3463]: PAM service(sshd) ignoring max retries; 6 > 3
Mar 20 11:14:40 evidence sshd[3471]: pam_unix(sshd:auth): authentication failure; logname= uid=0 euid=0 tty=ssh ruser= rhost=112.33.3.175  user=root
Mar 20 11:14:42 evidence sshd[3471]: Failed password for root from 112.33.3.175 port 51125 ssh2
Mar 20 11:14:42 evidence sshd[3471]: Received disconnect from 112.33.3.175: 11: Bye Bye [preauth]
Mar 20 11:14:44 evidence sshd[3473]: pam_unix(sshd:auth): authentication failure; logname= uid=0 euid=0 tty=ssh ruser= rhost=218.25.208.90  user=root
Mar 20 11:14:45 evidence sshd[3473]: Failed password for root from 218.25.208.90 port 18333 ssh2
Mar 20 11:14:46 evidence sshd[3475]: pam_unix(sshd:auth): authentication failure; logname= uid=0 euid=0 tty=ssh ruser= rhost=112.33.3.175  user=root
Mar 20 11:14:48 evidence sshd[3475]: Failed password for root from 112.33.3.175 port 52620 ssh2
Mar 20 11:14:48 evidence sshd[3475]: Received disconnect from 112.33.3.175: 11: Bye Bye [preauth]
Mar 20 11:14:50 evidence sshd[3477]: pam_unix(sshd:auth): authentication failure; logname= uid=0 euid=0 tty=ssh ruser= rhost=112.33.3.175  user=root
Mar 20 11:14:52 evidence sshd[3477]: Failed password for root from 112.33.3.175 port 54480 ssh2
Mar 20 11:14:52 evidence sshd[3477]: Received disconnect from 112.33.3.175: 11: Bye Bye [preauth]
Mar 20 11:14:55 evidence sshd[3479]: pam_unix(sshd:auth): authentication failure; logname= uid=0 euid=0 tty=ssh ruser= rhost=112.33.3.175  user=root
Mar 20 11:14:57 evidence sshd[3479]: Failed password for root from 112.33.3.175 port 55598 ssh2
Mar 20 11:14:57 evidence sshd[3479]: Received disconnect from 112.33.3.175: 11: Bye Bye [preauth]
Mar 20 11:14:59 evidence sshd[3481]: pam_unix(sshd:auth): authentication failure; logname= uid=0 euid=0 tty=ssh ruser= rhost=112.33.3.175  user=root
Mar 20 11:15:00 evidence sshd[3473]: message repeated 5 times: [ Failed password for root from 218.25.208.90 port 18333 ssh2]
Mar 20 11:15:00 evidence sshd[3473]: error: maximum authentication attempts exceeded for root from 218.25.208.90 port 18333 ssh2 [preauth]
Mar 20 11:15:00 evidence sshd[3473]: Disconnecting: Too many authentication failures for root [preauth]
Mar 20 11:15:00 evidence sshd[3473]: PAM 5 more authentication failures; logname= uid=0 euid=0 tty=ssh ruser= rhost=218.25.208.90  user=root
Mar 20 11:15:00 evidence sshd[3473]: PAM service(sshd) ignoring max retries; 6 > 3
Mar 20 11:15:01 evidence sshd[3481]: Failed password for root from 112.33.3.175 port 56955 ssh2
Mar 20 11:15:01 evidence sshd[3481]: Received disconnect from 112.33.3.175: 11: Bye Bye [preauth]
Mar 20 11:15:04 evidence sshd[3483]: pam_unix(sshd:auth): authentication failure; logname= uid=0 euid=0 tty=ssh ruser= rhost=218.25.208.90  user=root
Mar 20 11:15:05 evidence sshd[3485]: pam_unix(sshd:auth): authentication failure; logname= uid=0 euid=0 tty=ssh ruser= rhost=112.33.3.175  user=root
Mar 20 11:15:06 evidence sshd[3483]: Failed password for root from 218.25.208.90 port 36265 ssh2
Mar 20 11:15:07 evidence sshd[3485]: Failed password for root from 112.33.3.175 port 58278 ssh2
Mar 20 11:15:07 evidence sshd[3485]: Received disconnect from 112.33.3.175: 11: Bye Bye [preauth]
Mar 20 11:15:10 evidence sshd[3487]: pam_unix(sshd:auth): authentication failure; logname= uid=0 euid=0 tty=ssh ruser= rhost=112.33.3.175  user=root
Mar 20 11:15:12 evidence sshd[3487]: Failed password for root from 112.33.3.175 port 59896 ssh2
Mar 20 11:15:12 evidence sshd[3487]: Received disconnect from 112.33.3.175: 11: Bye Bye [preauth]
Mar 20 11:15:14 evidence sshd[3489]: pam_unix(sshd:auth): authentication failure; logname= uid=0 euid=0 tty=ssh ruser= rhost=112.33.3.175  user=root
Mar 20 11:15:16 evidence sshd[3489]: Failed password for root from 112.33.3.175 port 33146 ssh2
Mar 20 11:15:16 evidence sshd[3489]: Received disconnect from 112.33.3.175: 11: Bye Bye [preauth]
Mar 20 11:15:20 evidence sshd[3483]: message repeated 5 times: [ Failed password for root from 218.25.208.90 port 36265 ssh2]
Mar 20 11:15:20 evidence sshd[3483]: error: maximum authentication attempts exceeded for root from 218.25.208.90 port 36265 ssh2 [preauth]
Mar 20 11:15:20 evidence sshd[3483]: Disconnecting: Too many authentication failures for root [preauth]
Mar 20 11:15:20 evidence sshd[3483]: PAM 5 more authentication failures; logname= uid=0 euid=0 tty=ssh ruser= rhost=218.25.208.90  user=root
Mar 20 11:15:20 evidence sshd[3483]: PAM service(sshd) ignoring max retries; 6 > 3
Mar 20 11:15:20 evidence sshd[3491]: pam_unix(sshd:auth): authentication failure; logname= uid=0 euid=0 tty=ssh ruser= rhost=112.33.3.175  user=root
Mar 20 11:15:21 evidence sshd[3491]: Failed password for root from 112.33.3.175 port 34287 ssh2
Mar 20 11:15:21 evidence sshd[3491]: Received disconnect from 112.33.3.175: 11: Bye Bye [preauth]
Mar 20 11:15:25 evidence sshd[3495]: pam_unix(sshd:auth): authentication failure; logname= uid=0 euid=0 tty=ssh ruser= rhost=112.33.3.175  user=root
Mar 20 11:15:27 evidence sshd[3495]: Failed password for root from 112.33.3.175 port 35947 ssh2
Mar 20 11:15:27 evidence sshd[3495]: Received disconnect from 112.33.3.175: 11: Bye Bye [preauth]
Mar 20 11:15:28 evidence sshd[3493]: pam_unix(sshd:auth): authentication failure; logname= uid=0 euid=0 tty=ssh ruser= rhost=218.25.208.90  user=root
Mar 20 11:15:29 evidence sshd[3497]: pam_unix(sshd:auth): authentication failure; logname= uid=0 euid=0 tty=ssh ruser= rhost=112.33.3.175  user=root
Mar 20 11:15:30 evidence sshd[3493]: Failed password for root from 218.25.208.90 port 54630 ssh2
Mar 20 11:15:31 evidence sshd[3497]: Failed password for root from 112.33.3.175 port 37527 ssh2
Mar 20 11:15:31 evidence sshd[3497]: Received disconnect from 112.33.3.175: 11: Bye Bye [preauth]
Mar 20 11:15:34 evidence sshd[3499]: pam_unix(sshd:auth): authentication failure; logname= uid=0 euid=0 tty=ssh ruser= rhost=112.33.3.175  user=root
Mar 20 11:15:35 evidence sshd[3499]: Failed password for root from 112.33.3.175 port 38739 ssh2
Mar 20 11:15:35 evidence sshd[3499]: Received disconnect from 112.33.3.175: 11: Bye Bye [preauth]
Mar 20 11:15:36 evidence sshd[3501]: reverse mapping checking getaddrinfo for 14.1.125.189.static.impsat.net.br [189.125.1.14] failed - POSSIBLE BREAK-IN ATTEMPT!
Mar 20 11:15:36 evidence sshd[3501]: Invalid user openproject from 189.125.1.14
Mar 20 11:15:36 evidence sshd[3501]: input_userauth_request: invalid user openproject [preauth]
Mar 20 11:15:36 evidence sshd[3501]: pam_unix(sshd:auth): check pass; user unknown
Mar 20 11:15:36 evidence sshd[3501]: pam_unix(sshd:auth): authentication failure; logname= uid=0 euid=0 tty=ssh ruser= rhost=189.125.1.14 
Mar 20 11:15:38 evidence sshd[3501]: Failed password for invalid user openproject from 189.125.1.14 port 44714 ssh2
Mar 20 11:15:38 evidence sshd[3501]: Received disconnect from 189.125.1.14: 11: Bye Bye [preauth]
Mar 20 11:15:39 evidence sshd[3503]: pam_unix(sshd:auth): authentication failure; logname= uid=0 euid=0 tty=ssh ruser= rhost=112.33.3.175  user=root
Mar 20 11:15:40 evidence sshd[3503]: Failed password for root from 112.33.3.175 port 40073 ssh2
Mar 20 11:15:41 evidence sshd[3503]: Received disconnect from 112.33.3.175: 11: Bye Bye [preauth]
Mar 20 11:15:43 evidence sshd[3505]: pam_unix(sshd:auth): authentication failure; logname= uid=0 euid=0 tty=ssh ruser= rhost=112.33.3.175  user=root
Mar 20 11:15:44 evidence sshd[3493]: message repeated 5 times: [ Failed password for root from 218.25.208.90 port 54630 ssh2]
Mar 20 11:15:44 evidence sshd[3493]: error: maximum authentication attempts exceeded for root from 218.25.208.90 port 54630 ssh2 [preauth]
Mar 20 11:15:44 evidence sshd[3493]: Disconnecting: Too many authentication failures for root [preauth]
Mar 20 11:15:44 evidence sshd[3493]: PAM 5 more authentication failures; logname= uid=0 euid=0 tty=ssh ruser= rhost=218.25.208.90  user=root
Mar 20 11:15:44 evidence sshd[3493]: PAM service(sshd) ignoring max retries; 6 > 3
Mar 20 11:15:46 evidence sshd[3505]: Failed password for root from 112.33.3.175 port 41617 ssh2
Mar 20 11:15:46 evidence sshd[3505]: Received disconnect from 112.33.3.175: 11: Bye Bye [preauth]
Mar 20 11:15:49 evidence sshd[3508]: pam_unix(sshd:auth): authentication failure; logname= uid=0 euid=0 tty=ssh ruser= rhost=218.25.208.90  user=root
Mar 20 11:15:49 evidence sshd[3507]: pam_unix(sshd:auth): authentication failure; logname= uid=0 euid=0 tty=ssh ruser= rhost=112.33.3.175  user=root
Mar 20 11:15:51 evidence sshd[3508]: Failed password for root from 218.25.208.90 port 12921 ssh2
Mar 20 11:15:51 evidence sshd[3507]: Failed password for root from 112.33.3.175 port 43114 ssh2
Mar 20 11:15:51 evidence sshd[3507]: Received disconnect from 112.33.3.175: 11: Bye Bye [preauth]
Mar 20 11:15:56 evidence sshd[3511]: pam_unix(sshd:auth): authentication failure; logname= uid=0 euid=0 tty=ssh ruser= rhost=112.33.3.175  user=root
Mar 20 11:15:58 evidence sshd[3511]: Failed password for root from 112.33.3.175 port 44708 ssh2
Mar 20 11:15:58 evidence sshd[3511]: Received disconnect from 112.33.3.175: 11: Bye Bye [preauth]
Mar 20 11:16:02 evidence sshd[3513]: pam_unix(sshd:auth): authentication failure; logname= uid=0 euid=0 tty=ssh ruser= rhost=112.33.3.175  user=root
Mar 20 11:16:05 evidence sshd[3513]: Failed password for root from 112.33.3.175 port 46712 ssh2
Mar 20 11:16:05 evidence sshd[3513]: Received disconnect from 112.33.3.175: 11: Bye Bye [preauth]
Mar 20 11:16:05 evidence sshd[3508]: message repeated 5 times: [ Failed password for root from 218.25.208.90 port 12921 ssh2]
Mar 20 11:16:05 evidence sshd[3508]: error: maximum authentication attempts exceeded for root from 218.25.208.90 port 12921 ssh2 [preauth]
Mar 20 11:16:05 evidence sshd[3508]: Disconnecting: Too many authentication failures for root [preauth]
Mar 20 11:16:05 evidence sshd[3508]: PAM 5 more authentication failures; logname= uid=0 euid=0 tty=ssh ruser= rhost=218.25.208.90  user=root
Mar 20 11:16:05 evidence sshd[3508]: PAM service(sshd) ignoring max retries; 6 > 3
Mar 20 11:16:09 evidence sshd[3517]: pam_unix(sshd:auth): authentication failure; logname= uid=0 euid=0 tty=ssh ruser= rhost=218.25.208.90  user=root
Mar 20 11:16:10 evidence sshd[3515]: pam_unix(sshd:auth): authentication failure; logname= uid=0 euid=0 tty=ssh ruser= rhost=112.33.3.175  user=root
Mar 20 11:16:11 evidence sshd[3517]: Failed password for root from 218.25.208.90 port 31205 ssh2
Mar 20 11:16:12 evidence sshd[3515]: Failed password for root from 112.33.3.175 port 48721 ssh2
Mar 20 11:16:12 evidence sshd[3515]: Received disconnect from 112.33.3.175: 11: Bye Bye [preauth]
Mar 20 11:16:14 evidence sshd[3519]: pam_unix(sshd:auth): authentication failure; logname= uid=0 euid=0 tty=ssh ruser= rhost=112.33.3.175  user=root
Mar 20 11:16:16 evidence sshd[3519]: Failed password for root from 112.33.3.175 port 50803 ssh2
Mar 20 11:16:17 evidence sshd[3519]: Received disconnect from 112.33.3.175: 11: Bye Bye [preauth]
Mar 20 11:16:19 evidence sshd[3521]: pam_unix(sshd:auth): authentication failure; logname= uid=0 euid=0 tty=ssh ruser= rhost=112.33.3.175  user=root
Mar 20 11:16:21 evidence sshd[3521]: Failed password for root from 112.33.3.175 port 52271 ssh2
Mar 20 11:16:21 evidence sshd[3521]: Received disconnect from 112.33.3.175: 11: Bye Bye [preauth]
Mar 20 11:16:25 evidence sshd[3523]: pam_unix(sshd:auth): authentication failure; logname= uid=0 euid=0 tty=ssh ruser= rhost=112.33.3.175  user=root
Mar 20 11:16:26 evidence sshd[3517]: message repeated 5 times: [ Failed password for root from 218.25.208.90 port 31205 ssh2]
Mar 20 11:16:26 evidence sshd[3517]: error: maximum authentication attempts exceeded for root from 218.25.208.90 port 31205 ssh2 [preauth]
Mar 20 11:16:26 evidence sshd[3517]: Disconnecting: Too many authentication failures for root [preauth]
Mar 20 11:16:26 evidence sshd[3517]: PAM 5 more authentication failures; logname= uid=0 euid=0 tty=ssh ruser= rhost=218.25.208.90  user=root
Mar 20 11:16:26 evidence sshd[3517]: PAM service(sshd) ignoring max retries; 6 > 3
Mar 20 11:16:27 evidence sshd[3523]: Failed password for root from 112.33.3.175 port 53576 ssh2
Mar 20 11:16:28 evidence sshd[3523]: Received disconnect from 112.33.3.175: 11: Bye Bye [preauth]
Mar 20 11:16:29 evidence sshd[3525]: pam_unix(sshd:auth): authentication failure; logname= uid=0 euid=0 tty=ssh ruser= rhost=218.25.208.90  user=root
Mar 20 11:16:30 evidence sshd[3527]: pam_unix(sshd:auth): authentication failure; logname= uid=0 euid=0 tty=ssh ruser= rhost=112.33.3.175  user=root
Mar 20 11:16:31 evidence sshd[3525]: Failed password for root from 218.25.208.90 port 49505 ssh2
Mar 20 11:16:32 evidence sshd[3527]: Failed password for root from 112.33.3.175 port 55457 ssh2
Mar 20 11:16:33 evidence sshd[3527]: Received disconnect from 112.33.3.175: 11: Bye Bye [preauth]
Mar 20 11:16:35 evidence sshd[3529]: pam_unix(sshd:auth): authentication failure; logname= uid=0 euid=0 tty=ssh ruser= rhost=112.33.3.175  user=root
Mar 20 11:16:37 evidence sshd[3529]: Failed password for root from 112.33.3.175 port 56845 ssh2
Mar 20 11:16:37 evidence sshd[3529]: Received disconnect from 112.33.3.175: 11: Bye Bye [preauth]
Mar 20 11:16:40 evidence sshd[3531]: pam_unix(sshd:auth): authentication failure; logname= uid=0 euid=0 tty=ssh ruser= rhost=112.33.3.175  user=root
Mar 20 11:16:43 evidence sshd[3531]: Failed password for root from 112.33.3.175 port 58190 ssh2
Mar 20 11:16:43 evidence sshd[3531]: Received disconnect from 112.33.3.175: 11: Bye Bye [preauth]
Mar 20 11:16:45 evidence sshd[3535]: Invalid user dell from 40.113.92.188
Mar 20 11:16:45 evidence sshd[3535]: input_userauth_request: invalid user dell [preauth]
Mar 20 11:16:45 evidence sshd[3535]: pam_unix(sshd:auth): check pass; user unknown
Mar 20 11:16:45 evidence sshd[3535]: pam_unix(sshd:auth): authentication failure; logname= uid=0 euid=0 tty=ssh ruser= rhost=40.113.92.188 
Mar 20 11:16:45 evidence sshd[3525]: message repeated 5 times: [ Failed password for root from 218.25.208.90 port 49505 ssh2]
Mar 20 11:16:45 evidence sshd[3525]: error: maximum authentication attempts exceeded for root from 218.25.208.90 port 49505 ssh2 [preauth]
Mar 20 11:16:45 evidence sshd[3525]: Disconnecting: Too many authentication failures for root [preauth]
Mar 20 11:16:45 evidence sshd[3525]: PAM 5 more authentication failures; logname= uid=0 euid=0 tty=ssh ruser= rhost=218.25.208.90  user=root
Mar 20 11:16:45 evidence sshd[3525]: PAM service(sshd) ignoring max retries; 6 > 3
Mar 20 11:16:46 evidence sshd[3533]: pam_unix(sshd:auth): authentication failure; logname= uid=0 euid=0 tty=ssh ruser= rhost=112.33.3.175  user=root
Mar 20 11:16:47 evidence sshd[3535]: Failed password for invalid user dell from 40.113.92.188 port 1328 ssh2
Mar 20 11:16:47 evidence sshd[3535]: Received disconnect from 40.113.92.188: 11: Bye Bye [preauth]
Mar 20 11:16:48 evidence sshd[3533]: Failed password for root from 112.33.3.175 port 59799 ssh2
Mar 20 11:16:49 evidence sshd[3533]: Received disconnect from 112.33.3.175: 11: Bye Bye [preauth]
Mar 20 11:16:49 evidence sshd[3537]: pam_unix(sshd:auth): authentication failure; logname= uid=0 euid=0 tty=ssh ruser= rhost=218.25.208.90  user=root
Mar 20 11:16:51 evidence sshd[3537]: Failed password for root from 218.25.208.90 port 2348 ssh2
Mar 20 11:16:51 evidence sshd[3539]: pam_unix(sshd:auth): authentication failure; logname= uid=0 euid=0 tty=ssh ruser= rhost=112.33.3.175  user=root
Mar 20 11:16:53 evidence sshd[3539]: Failed password for root from 112.33.3.175 port 33199 ssh2
Mar 20 11:16:53 evidence sshd[3539]: Received disconnect from 112.33.3.175: 11: Bye Bye [preauth]
Mar 20 11:16:55 evidence sshd[3541]: pam_unix(sshd:auth): authentication failure; logname= uid=0 euid=0 tty=ssh ruser= rhost=112.33.3.175  user=root
Mar 20 11:16:58 evidence sshd[3541]: Failed password for root from 112.33.3.175 port 34576 ssh2
Mar 20 11:16:58 evidence sshd[3541]: Received disconnect from 112.33.3.175: 11: Bye Bye [preauth]
Mar 20 11:17:01 ssh CRON[3545]: pam_unix(cron:session): session opened for user root by (uid=0)
Mar 20 11:17:01 ssh CRON[3545]: pam_unix(cron:session): session closed for user root
Mar 20 11:17:01 evidence sshd[3543]: pam_unix(sshd:auth): authentication failure; logname= uid=0 euid=0 tty=ssh ruser= rhost=112.33.3.175  user=root
Mar 20 11:17:03 evidence sshd[3543]: Failed password for root from 112.33.3.175 port 35799 ssh2
Mar 20 11:17:04 evidence sshd[3543]: Received disconnect from 112.33.3.175: 11: Bye Bye [preauth]
Mar 20 11:17:04 evidence sshd[3537]: message repeated 5 times: [ Failed password for root from 218.25.208.90 port 2348 ssh2]
Mar 20 11:17:04 evidence sshd[3537]: error: maximum authentication attempts exceeded for root from 218.25.208.90 port 2348 ssh2 [preauth]
Mar 20 11:17:04 evidence sshd[3537]: Disconnecting: Too many authentication failures for root [preauth]
Mar 20 11:17:04 evidence sshd[3537]: PAM 5 more authentication failures; logname= uid=0 euid=0 tty=ssh ruser= rhost=218.25.208.90  user=root
Mar 20 11:17:04 evidence sshd[3537]: PAM service(sshd) ignoring max retries; 6 > 3
Mar 20 11:17:06 evidence sshd[3550]: pam_unix(sshd:auth): authentication failure; logname= uid=0 euid=0 tty=ssh ruser= rhost=151.66.77.217  user=root
Mar 20 11:17:07 evidence sshd[3548]: pam_unix(sshd:auth): authentication failure; logname= uid=0 euid=0 tty=ssh ruser= rhost=112.33.3.175  user=root
Mar 20 11:17:08 evidence sshd[3552]: pam_unix(sshd:auth): authentication failure; logname= uid=0 euid=0 tty=ssh ruser= rhost=218.25.208.90  user=root
Mar 20 11:17:08 evidence sshd[3550]: Failed password for root from 151.66.77.217 port 55262 ssh2
Mar 20 11:17:08 evidence sshd[3550]: Connection closed by 151.66.77.217 [preauth]
Mar 20 11:17:10 evidence sshd[3548]: Failed password for root from 112.33.3.175 port 37471 ssh2
Mar 20 11:17:10 evidence sshd[3548]: Received disconnect from 112.33.3.175: 11: Bye Bye [preauth]
Mar 20 11:17:11 evidence sshd[3552]: Failed password for root from 218.25.208.90 port 19074 ssh2
Mar 20 11:17:13 evidence sshd[3554]: pam_unix(sshd:auth): authentication failure; logname= uid=0 euid=0 tty=ssh ruser= rhost=112.33.3.175  user=root
Mar 20 11:17:15 evidence sshd[3554]: Failed password for root from 112.33.3.175 port 39326 ssh2
Mar 20 11:17:15 evidence sshd[3554]: Received disconnect from 112.33.3.175: 11: Bye Bye [preauth]
Mar 20 11:17:18 evidence sshd[3556]: pam_unix(sshd:auth): authentication failure; logname= uid=0 euid=0 tty=ssh ruser= rhost=112.33.3.175  user=root
Mar 20 11:17:20 evidence sshd[3556]: Failed password for root from 112.33.3.175 port 40806 ssh2
Mar 20 11:17:20 evidence sshd[3556]: Received disconnect from 112.33.3.175: 11: Bye Bye [preauth]
Mar 20 11:17:23 evidence sshd[3558]: pam_unix(sshd:auth): authentication failure; logname= uid=0 euid=0 tty=ssh ruser= rhost=112.33.3.175  user=root
Mar 20 11:17:25 evidence sshd[3558]: Failed password for root from 112.33.3.175 port 42337 ssh2
Mar 20 11:17:25 evidence sshd[3558]: Received disconnect from 112.33.3.175: 11: Bye Bye [preauth]
Mar 20 11:17:26 evidence sshd[3552]: message repeated 5 times: [ Failed password for root from 218.25.208.90 port 19074 ssh2]
Mar 20 11:17:26 evidence sshd[3552]: error: maximum authentication attempts exceeded for root from 218.25.208.90 port 19074 ssh2 [preauth]
Mar 20 11:17:26 evidence sshd[3552]: Disconnecting: Too many authentication failures for root [preauth]
Mar 20 11:17:26 evidence sshd[3552]: PAM 5 more authentication failures; logname= uid=0 euid=0 tty=ssh ruser= rhost=218.25.208.90  user=root
Mar 20 11:17:26 evidence sshd[3552]: PAM service(sshd) ignoring max retries; 6 > 3
Mar 20 11:17:29 evidence sshd[3560]: pam_unix(sshd:auth): authentication failure; logname= uid=0 euid=0 tty=ssh ruser= rhost=112.33.3.175  user=root
Mar 20 11:17:30 evidence sshd[3560]: Failed password for root from 112.33.3.175 port 43800 ssh2
Mar 20 11:17:31 evidence sshd[3560]: Received disconnect from 112.33.3.175: 11: Bye Bye [preauth]
Mar 20 11:17:31 evidence sshd[3562]: pam_unix(sshd:auth): authentication failure; logname= uid=0 euid=0 tty=ssh ruser= rhost=218.25.208.90  user=root
Mar 20 11:17:33 evidence sshd[3562]: Failed password for root from 218.25.208.90 port 38072 ssh2
Mar 20 11:17:34 evidence sshd[3564]: pam_unix(sshd:auth): authentication failure; logname= uid=0 euid=0 tty=ssh ruser= rhost=112.33.3.175  user=root
Mar 20 11:17:36 evidence sshd[3564]: Failed password for root from 112.33.3.175 port 45362 ssh2
Mar 20 11:17:36 evidence sshd[3564]: Received disconnect from 112.33.3.175: 11: Bye Bye [preauth]
Mar 20 11:17:40 evidence sshd[3566]: pam_unix(sshd:auth): authentication failure; logname= uid=0 euid=0 tty=ssh ruser= rhost=112.33.3.175  user=root
Mar 20 11:17:42 evidence sshd[3566]: Failed password for root from 112.33.3.175 port 46951 ssh2
Mar 20 11:17:43 evidence sshd[3566]: Received disconnect from 112.33.3.175: 11: Bye Bye [preauth]
Mar 20 11:17:45 evidence sshd[3568]: pam_unix(sshd:auth): authentication failure; logname= uid=0 euid=0 tty=ssh ruser= rhost=112.33.3.175  user=root
Mar 20 11:17:47 evidence sshd[3568]: Failed password for root from 112.33.3.175 port 48814 ssh2
Mar 20 11:17:47 evidence sshd[3568]: Received disconnect from 112.33.3.175: 11: Bye Bye [preauth]
Mar 20 11:17:49 evidence sshd[3562]: message repeated 5 times: [ Failed password for root from 218.25.208.90 port 38072 ssh2]
Mar 20 11:17:49 evidence sshd[3562]: error: maximum authentication attempts exceeded for root from 218.25.208.90 port 38072 ssh2 [preauth]
Mar 20 11:17:49 evidence sshd[3562]: Disconnecting: Too many authentication failures for root [preauth]
Mar 20 11:17:49 evidence sshd[3562]: PAM 5 more authentication failures; logname= uid=0 euid=0 tty=ssh ruser= rhost=218.25.208.90  user=root
Mar 20 11:17:49 evidence sshd[3562]: PAM service(sshd) ignoring max retries; 6 > 3
Mar 20 11:17:50 evidence sshd[3570]: pam_unix(sshd:auth): authentication failure; logname= uid=0 euid=0 tty=ssh ruser= rhost=112.33.3.175  user=root
Mar 20 11:17:52 evidence sshd[3570]: Failed password for root from 112.33.3.175 port 50141 ssh2
Mar 20 11:17:52 evidence sshd[3570]: Received disconnect from 112.33.3.175: 11: Bye Bye [preauth]
Mar 20 11:17:54 evidence sshd[3572]: pam_unix(sshd:auth): authentication failure; logname= uid=0 euid=0 tty=ssh ruser= rhost=218.25.208.90  user=root
Mar 20 11:17:55 evidence sshd[3574]: pam_unix(sshd:auth): authentication failure; logname= uid=0 euid=0 tty=ssh ruser= rhost=112.33.3.175  user=root
Mar 20 11:17:56 evidence sshd[3572]: Failed password for root from 218.25.208.90 port 58559 ssh2
Mar 20 11:17:57 evidence sshd[3574]: Failed password for root from 112.33.3.175 port 51663 ssh2
Mar 20 11:17:57 evidence sshd[3574]: Received disconnect from 112.33.3.175: 11: Bye Bye [preauth]
Mar 20 11:17:59 evidence sshd[3576]: pam_unix(sshd:auth): authentication failure; logname= uid=0 euid=0 tty=ssh ruser= rhost=112.33.3.175  user=root
Mar 20 11:18:01 evidence sshd[3576]: Failed password for root from 112.33.3.175 port 53041 ssh2
Mar 20 11:18:01 evidence sshd[3576]: Received disconnect from 112.33.3.175: 11: Bye Bye [preauth]
Mar 20 11:18:05 evidence sshd[3578]: pam_unix(sshd:auth): authentication failure; logname= uid=0 euid=0 tty=ssh ruser= rhost=112.33.3.175  user=root
Mar 20 11:18:07 evidence sshd[3578]: Failed password for root from 112.33.3.175 port 54321 ssh2
Mar 20 11:18:07 evidence sshd[3578]: Received disconnect from 112.33.3.175: 11: Bye Bye [preauth]
Mar 20 11:18:11 evidence sshd[3572]: message repeated 5 times: [ Failed password for root from 218.25.208.90 port 58559 ssh2]
Mar 20 11:18:11 evidence sshd[3572]: error: maximum authentication attempts exceeded for root from 218.25.208.90 port 58559 ssh2 [preauth]
Mar 20 11:18:11 evidence sshd[3572]: Disconnecting: Too many authentication failures for root [preauth]
Mar 20 11:18:11 evidence sshd[3572]: PAM 5 more authentication failures; logname= uid=0 euid=0 tty=ssh ruser= rhost=218.25.208.90  user=root
Mar 20 11:18:11 evidence sshd[3572]: PAM service(sshd) ignoring max retries; 6 > 3
Mar 20 11:18:12 evidence sshd[3580]: pam_unix(sshd:auth): authentication failure; logname= uid=0 euid=0 tty=ssh ruser= rhost=112.33.3.175  user=root
Mar 20 11:18:14 evidence sshd[3580]: Failed password for root from 112.33.3.175 port 55987 ssh2
Mar 20 11:18:14 evidence sshd[3580]: Received disconnect from 112.33.3.175: 11: Bye Bye [preauth]
Mar 20 11:18:15 evidence sshd[3582]: pam_unix(sshd:auth): authentication failure; logname= uid=0 euid=0 tty=ssh ruser= rhost=218.25.208.90  user=root
Mar 20 11:18:17 evidence sshd[3582]: Failed password for root from 218.25.208.90 port 12944 ssh2
Mar 20 11:18:17 evidence sshd[3584]: pam_unix(sshd:auth): authentication failure; logname= uid=0 euid=0 tty=ssh ruser= rhost=112.33.3.175  user=root
Mar 20 11:18:20 evidence sshd[3584]: Failed password for root from 112.33.3.175 port 57916 ssh2
Mar 20 11:18:20 evidence sshd[3584]: Received disconnect from 112.33.3.175: 11: Bye Bye [preauth]
Mar 20 11:18:23 evidence sshd[3586]: pam_unix(sshd:auth): authentication failure; logname= uid=0 euid=0 tty=ssh ruser= rhost=112.33.3.175  user=root
Mar 20 11:18:25 evidence sshd[3586]: Failed password for root from 112.33.3.175 port 59652 ssh2
Mar 20 11:18:26 evidence sshd[3586]: Received disconnect from 112.33.3.175: 11: Bye Bye [preauth]
Mar 20 11:18:29 evidence sshd[3588]: pam_unix(sshd:auth): authentication failure; logname= uid=0 euid=0 tty=ssh ruser= rhost=112.33.3.175  user=root
Mar 20 11:18:31 evidence sshd[3588]: Failed password for root from 112.33.3.175 port 33053 ssh2
Mar 20 11:18:31 evidence sshd[3588]: Received disconnect from 112.33.3.175: 11: Bye Bye [preauth]
Mar 20 11:18:32 evidence sshd[3582]: message repeated 5 times: [ Failed password for root from 218.25.208.90 port 12944 ssh2]
Mar 20 11:18:32 evidence sshd[3582]: error: maximum authentication attempts exceeded for root from 218.25.208.90 port 12944 ssh2 [preauth]
Mar 20 11:18:32 evidence sshd[3582]: Disconnecting: Too many authentication failures for root [preauth]
Mar 20 11:18:32 evidence sshd[3582]: PAM 5 more authentication failures; logname= uid=0 euid=0 tty=ssh ruser= rhost=218.25.208.90  user=root
Mar 20 11:18:32 evidence sshd[3582]: PAM service(sshd) ignoring max retries; 6 > 3
Mar 20 11:18:35 evidence sshd[3590]: pam_unix(sshd:auth): authentication failure; logname= uid=0 euid=0 tty=ssh ruser= rhost=112.33.3.175  user=root
Mar 20 11:18:36 evidence sshd[3592]: pam_unix(sshd:auth): authentication failure; logname= uid=0 euid=0 tty=ssh ruser= rhost=218.25.208.90  user=root
Mar 20 11:18:38 evidence sshd[3590]: Failed password for root from 112.33.3.175 port 34773 ssh2
Mar 20 11:18:38 evidence sshd[3590]: Received disconnect from 112.33.3.175: 11: Bye Bye [preauth]
Mar 20 11:18:38 evidence sshd[3592]: Failed password for root from 218.25.208.90 port 30890 ssh2
Mar 20 11:18:40 evidence sshd[3594]: pam_unix(sshd:auth): authentication failure; logname= uid=0 euid=0 tty=ssh ruser= rhost=112.33.3.175  user=root
Mar 20 11:18:43 evidence sshd[3594]: Failed password for root from 112.33.3.175 port 36625 ssh2
Mar 20 11:18:43 evidence sshd[3594]: Received disconnect from 112.33.3.175: 11: Bye Bye [preauth]
Mar 20 11:18:46 evidence sshd[3596]: pam_unix(sshd:auth): authentication failure; logname= uid=0 euid=0 tty=ssh ruser= rhost=112.33.3.175  user=root
Mar 20 11:18:49 evidence sshd[3596]: Failed password for root from 112.33.3.175 port 38063 ssh2
Mar 20 11:18:49 evidence sshd[3596]: Received disconnect from 112.33.3.175: 11: Bye Bye [preauth]
Mar 20 11:18:52 evidence sshd[3598]: pam_unix(sshd:auth): authentication failure; logname= uid=0 euid=0 tty=ssh ruser= rhost=112.33.3.175  user=root
Mar 20 11:18:53 evidence sshd[3592]: message repeated 5 times: [ Failed password for root from 218.25.208.90 port 30890 ssh2]
Mar 20 11:18:53 evidence sshd[3592]: error: maximum authentication attempts exceeded for root from 218.25.208.90 port 30890 ssh2 [preauth]
Mar 20 11:18:53 evidence sshd[3592]: Disconnecting: Too many authentication failures for root [preauth]
Mar 20 11:18:53 evidence sshd[3592]: PAM 5 more authentication failures; logname= uid=0 euid=0 tty=ssh ruser= rhost=218.25.208.90  user=root
Mar 20 11:18:53 evidence sshd[3592]: PAM service(sshd) ignoring max retries; 6 > 3
Mar 20 11:18:54 evidence sshd[3598]: Failed password for root from 112.33.3.175 port 39792 ssh2
Mar 20 11:18:55 evidence sshd[3598]: Received disconnect from 112.33.3.175: 11: Bye Bye [preauth]
Mar 20 11:18:57 evidence sshd[3602]: pam_unix(sshd:auth): authentication failure; logname= uid=0 euid=0 tty=ssh ruser= rhost=112.33.3.175  user=root
Mar 20 11:18:57 evidence sshd[3600]: pam_unix(sshd:auth): authentication failure; logname= uid=0 euid=0 tty=ssh ruser= rhost=218.25.208.90  user=root
Mar 20 11:18:59 evidence sshd[3602]: Failed password for root from 112.33.3.175 port 41455 ssh2
Mar 20 11:18:59 evidence sshd[3600]: Failed password for root from 218.25.208.90 port 49201 ssh2
Mar 20 11:18:59 evidence sshd[3602]: Received disconnect from 112.33.3.175: 11: Bye Bye [preauth]
Mar 20 11:19:02 evidence sshd[3604]: pam_unix(sshd:auth): authentication failure; logname= uid=0 euid=0 tty=ssh ruser= rhost=112.33.3.175  user=root
Mar 20 11:19:04 evidence sshd[3604]: Failed password for root from 112.33.3.175 port 42692 ssh2
Mar 20 11:19:05 evidence sshd[3604]: Received disconnect from 112.33.3.175: 11: Bye Bye [preauth]
Mar 20 11:19:07 evidence sshd[3606]: pam_unix(sshd:auth): authentication failure; logname= uid=0 euid=0 tty=ssh ruser= rhost=112.33.3.175  user=root
Mar 20 11:19:09 evidence sshd[3606]: Failed password for root from 112.33.3.175 port 44304 ssh2
Mar 20 11:19:09 evidence sshd[3606]: Received disconnect from 112.33.3.175: 11: Bye Bye [preauth]
Mar 20 11:19:13 evidence sshd[3608]: pam_unix(sshd:auth): authentication failure; logname= uid=0 euid=0 tty=ssh ruser= rhost=112.33.3.175  user=root
Mar 20 11:19:14 evidence sshd[3600]: message repeated 5 times: [ Failed password for root from 218.25.208.90 port 49201 ssh2]
Mar 20 11:19:14 evidence sshd[3600]: error: maximum authentication attempts exceeded for root from 218.25.208.90 port 49201 ssh2 [preauth]
Mar 20 11:19:14 evidence sshd[3600]: Disconnecting: Too many authentication failures for root [preauth]
Mar 20 11:19:14 evidence sshd[3600]: PAM 5 more authentication failures; logname= uid=0 euid=0 tty=ssh ruser= rhost=218.25.208.90  user=root
Mar 20 11:19:14 evidence sshd[3600]: PAM service(sshd) ignoring max retries; 6 > 3
Mar 20 11:19:15 evidence sshd[3608]: Failed password for root from 112.33.3.175 port 45673 ssh2
Mar 20 11:19:15 evidence sshd[3608]: Received disconnect from 112.33.3.175: 11: Bye Bye [preauth]
Mar 20 11:19:17 evidence sshd[3610]: pam_unix(sshd:auth): authentication failure; logname= uid=0 euid=0 tty=ssh ruser= rhost=112.33.3.175  user=root
Mar 20 11:19:18 evidence sshd[3612]: pam_unix(sshd:auth): authentication failure; logname= uid=0 euid=0 tty=ssh ruser= rhost=218.25.208.90  user=root
Mar 20 11:19:20 evidence sshd[3610]: Failed password for root from 112.33.3.175 port 47326 ssh2
Mar 20 11:19:20 evidence sshd[3612]: Failed password for root from 218.25.208.90 port 2502 ssh2
Mar 20 11:19:20 evidence sshd[3610]: Received disconnect from 112.33.3.175: 11: Bye Bye [preauth]
Mar 20 11:19:22 evidence sshd[3614]: pam_unix(sshd:auth): authentication failure; logname= uid=0 euid=0 tty=ssh ruser= rhost=112.33.3.175  user=root
Mar 20 11:19:25 evidence sshd[3614]: Failed password for root from 112.33.3.175 port 48708 ssh2
Mar 20 11:19:25 evidence sshd[3614]: Received disconnect from 112.33.3.175: 11: Bye Bye [preauth]
Mar 20 11:19:29 evidence sshd[3616]: pam_unix(sshd:auth): authentication failure; logname= uid=0 euid=0 tty=ssh ruser= rhost=112.33.3.175  user=root
Mar 20 11:19:31 evidence sshd[3616]: Failed password for root from 112.33.3.175 port 50192 ssh2
Mar 20 11:19:32 evidence sshd[3616]: Received disconnect from 112.33.3.175: 11: Bye Bye [preauth]
Mar 20 11:19:34 evidence sshd[3612]: message repeated 5 times: [ Failed password for root from 218.25.208.90 port 2502 ssh2]
Mar 20 11:19:34 evidence sshd[3612]: error: maximum authentication attempts exceeded for root from 218.25.208.90 port 2502 ssh2 [preauth]
Mar 20 11:19:34 evidence sshd[3612]: Disconnecting: Too many authentication failures for root [preauth]
Mar 20 11:19:34 evidence sshd[3612]: PAM 5 more authentication failures; logname= uid=0 euid=0 tty=ssh ruser= rhost=218.25.208.90  user=root
Mar 20 11:19:34 evidence sshd[3612]: PAM service(sshd) ignoring max retries; 6 > 3
Mar 20 11:19:34 evidence sshd[3618]: pam_unix(sshd:auth): authentication failure; logname= uid=0 euid=0 tty=ssh ruser= rhost=112.33.3.175  user=root
Mar 20 11:19:37 evidence sshd[3618]: Failed password for root from 112.33.3.175 port 52090 ssh2
Mar 20 11:19:37 evidence sshd[3618]: Received disconnect from 112.33.3.175: 11: Bye Bye [preauth]
Mar 20 11:19:38 evidence sshd[3620]: pam_unix(sshd:auth): authentication failure; logname= uid=0 euid=0 tty=ssh ruser= rhost=218.25.208.90  user=root
Mar 20 11:19:40 evidence sshd[3622]: pam_unix(sshd:auth): authentication failure; logname= uid=0 euid=0 tty=ssh ruser= rhost=112.33.3.175  user=root
Mar 20 11:19:40 evidence sshd[3620]: Failed password for root from 218.25.208.90 port 19737 ssh2
