Mar 20 11:19:42 evidence sshd[3622]: Failed password for root from 112.33.3.175 port 53657 ssh2
Mar 20 11:19:42 evidence sshd[3622]: Received disconnect from 112.33.3.175: 11: Bye Bye [preauth]
Mar 20 11:19:45 evidence sshd[3624]: pam_unix(sshd:auth): authentication failure; logname= uid=0 euid=0 tty=ssh ruser= rhost=112.33.3.175  user=root
Mar 20 11:19:47 evidence sshd[3624]: Failed password for root from 112.33.3.175 port 55216 ssh2
Mar 20 11:19:47 evidence sshd[3624]: Received disconnect from 112.33.3.175: 11: Bye Bye [preauth]
Mar 20 11:19:52 evidence sshd[3626]: pam_unix(sshd:auth): authentication failure; logname= uid=0 euid=0 tty=ssh ruser= rhost=112.33.3.175  user=root
Mar 20 11:19:54 evidence sshd[3626]: Failed password for root from 112.33.3.175 port 56633 ssh2
Mar 20 11:19:54 evidence sshd[3626]: Received disconnect from 112.33.3.175: 11: Bye Bye [preauth]
Mar 20 11:19:55 evidence sshd[3620]: message repeated 5 times: [ Failed password for root from 218.25.208.90 port 19737 ssh2]
Mar 20 11:19:55 evidence sshd[3620]: error: maximum authentication attempts exceeded for root from 218.25.208.90 port 19737 ssh2 [preauth]
Mar 20 11:19:55 evidence sshd[3620]: Disconnecting: Too many authentication failures for root [preauth]
Mar 20 11:19:55 evidence sshd[3620]: PAM 5 more authentication failures; logname= uid=0 euid=0 tty=ssh ruser= rhost=218.25.208.90  user=root
Mar 20 11:19:55 evidence sshd[3620]: PAM service(sshd) ignoring max retries; 6 > 3
Mar 20 11:19:57 evidence sshd[3628]: pam_unix(sshd:auth): authentication failure; logname= uid=0 euid=0 tty=ssh ruser= rhost=112.33.3.175  user=root
Mar 20 11:19:59 evidence sshd[3628]: Failed password for root from 112.33.3.175 port 58674 ssh2
Mar 20 11:19:59 evidence sshd[3628]: Received disconnect from 112.33.3.175: 11: Bye Bye [preauth]
Mar 20 11:20:00 evidence sshd[3630]: pam_unix(sshd:auth): authentication failure; logname= uid=0 euid=0 tty=ssh ruser= rhost=218.25.208.90  user=root
Mar 20 11:20:02 evidence sshd[3630]: Failed password for root from 218.25.208.90 port 38321 ssh2
Mar 20 11:20:03 evidence sshd[3632]: pam_unix(sshd:auth): authentication failure; logname= uid=0 euid=0 tty=ssh ruser= rhost=112.33.3.175  user=root
Mar 20 11:20:04 evidence sshd[3632]: Failed password for root from 112.33.3.175 port 59960 ssh2
Mar 20 11:20:04 evidence sshd[3632]: Received disconnect from 112.33.3.175: 11: Bye Bye [preauth]
Mar 20 11:20:07 evidence sshd[3634]: pam_unix(sshd:auth): authentication failure; logname= uid=0 euid=0 tty=ssh ruser= rhost=112.33.3.175  user=root
Mar 20 11:20:08 evidence sshd[3634]: Failed password for root from 112.33.3.175 port 33263 ssh2
Mar 20 11:20:09 evidence sshd[3634]: Received disconnect from 112.33.3.175: 11: Bye Bye [preauth]
Mar 20 11:20:13 evidence sshd[3636]: pam_unix(sshd:auth): authentication failure; logname= uid=0 euid=0 tty=ssh ruser= rhost=112.33.3.175  user=root
Mar 20 11:20:15 evidence sshd[3636]: Failed password for root from 112.33.3.175 port 34531 ssh2
Mar 20 11:20:16 evidence sshd[3636]: Received disconnect from 112.33.3.175: 11: Bye Bye [preauth]
Mar 20 11:20:17 evidence sshd[3630]: message repeated 5 times: [ Failed password for root from 218.25.208.90 port 38321 ssh2]
Mar 20 11:20:17 evidence sshd[3630]: error: maximum authentication attempts exceeded for root from 218.25.208.90 port 38321 ssh2 [preauth]
Mar 20 11:20:17 evidence sshd[3630]: Disconnecting: Too many authentication failures for root [preauth]
Mar 20 11:20:17 evidence sshd[3630]: PAM 5 more authentication failures; logname= uid=0 euid=0 tty=ssh ruser= rhost=218.25.208.90  user=root
Mar 20 11:20:17 evidence sshd[3630]: PAM service(sshd) ignoring max retries; 6 > 3
Mar 20 11:20:21 evidence sshd[3638]: pam_unix(sshd:auth): authentication failure; logname= uid=0 euid=0 tty=ssh ruser= rhost=112.33.3.175  user=root
Mar 20 11:20:22 evidence sshd[3640]: pam_unix(sshd:auth): authentication failure; logname= uid=0 euid=0 tty=ssh ruser= rhost=218.25.208.90  user=root
Mar 20 11:20:23 evidence sshd[3638]: Failed password for root from 112.33.3.175 port 36553 ssh2
Mar 20 11:20:23 evidence sshd[3638]: Received disconnect from 112.33.3.175: 11: Bye Bye [preauth]
Mar 20 11:20:24 evidence sshd[3640]: Failed password for root from 218.25.208.90 port 57042 ssh2
Mar 20 11:20:25 evidence sshd[3642]: pam_unix(sshd:auth): authentication failure; logname= uid=0 euid=0 tty=ssh ruser= rhost=112.33.3.175  user=root
Mar 20 11:20:27 evidence sshd[3642]: Failed password for root from 112.33.3.175 port 38602 ssh2
Mar 20 11:20:28 evidence sshd[3642]: Received disconnect from 112.33.3.175: 11: Bye Bye [preauth]
Mar 20 11:20:30 evidence sshd[3644]: pam_unix(sshd:auth): authentication failure; logname= uid=0 euid=0 tty=ssh ruser= rhost=112.33.3.175  user=root
Mar 20 11:20:32 evidence sshd[3644]: Failed password for root from 112.33.3.175 port 39970 ssh2
Mar 20 11:20:32 evidence sshd[3644]: Received disconnect from 112.33.3.175: 11: Bye Bye [preauth]
Mar 20 11:20:34 evidence sshd[3646]: pam_unix(sshd:auth): authentication failure; logname= uid=0 euid=0 tty=ssh ruser= rhost=112.33.3.175  user=root
Mar 20 11:20:36 evidence sshd[3646]: Failed password for root from 112.33.3.175 port 41271 ssh2
Mar 20 11:20:37 evidence sshd[3646]: Received disconnect from 112.33.3.175: 11: Bye Bye [preauth]
Mar 20 11:20:39 evidence sshd[3648]: pam_unix(sshd:auth): authentication failure; logname= uid=0 euid=0 tty=ssh ruser= rhost=112.33.3.175  user=root
Mar 20 11:20:40 evidence sshd[3640]: message repeated 5 times: [ Failed password for root from 218.25.208.90 port 57042 ssh2]
Mar 20 11:20:40 evidence sshd[3640]: error: maximum authentication attempts exceeded for root from 218.25.208.90 port 57042 ssh2 [preauth]
Mar 20 11:20:40 evidence sshd[3640]: Disconnecting: Too many authentication failures for root [preauth]
Mar 20 11:20:40 evidence sshd[3640]: PAM 5 more authentication failures; logname= uid=0 euid=0 tty=ssh ruser= rhost=218.25.208.90  user=root
Mar 20 11:20:40 evidence sshd[3640]: PAM service(sshd) ignoring max retries; 6 > 3
Mar 20 11:20:40 evidence sshd[3648]: Failed password for root from 112.33.3.175 port 42577 ssh2
Mar 20 11:20:41 evidence sshd[3648]: Received disconnect from 112.33.3.175: 11: Bye Bye [preauth]
Mar 20 11:20:44 evidence sshd[3652]: pam_unix(sshd:auth): authentication failure; logname= uid=0 euid=0 tty=ssh ruser= rhost=218.25.208.90  user=root
Mar 20 11:20:45 evidence sshd[3650]: pam_unix(sshd:auth): authentication failure; logname= uid=0 euid=0 tty=ssh ruser= rhost=112.33.3.175  user=root
Mar 20 11:20:47 evidence sshd[3652]: Failed password for root from 218.25.208.90 port 12913 ssh2
Mar 20 11:20:47 evidence sshd[3650]: Failed password for root from 112.33.3.175 port 43756 ssh2
Mar 20 11:20:47 evidence sshd[3650]: Received disconnect from 112.33.3.175: 11: Bye Bye [preauth]
Mar 20 11:20:49 evidence sshd[3654]: pam_unix(sshd:auth): authentication failure; logname= uid=0 euid=0 tty=ssh ruser= rhost=112.33.3.175  user=root
Mar 20 11:20:52 evidence sshd[3654]: Failed password for root from 112.33.3.175 port 45612 ssh2
Mar 20 11:20:52 evidence sshd[3654]: Received disconnect from 112.33.3.175: 11: Bye Bye [preauth]
Mar 20 11:20:54 evidence sshd[3656]: pam_unix(sshd:auth): authentication failure; logname= uid=0 euid=0 tty=ssh ruser= rhost=112.33.3.175  user=root
Mar 20 11:20:57 evidence sshd[3656]: Failed password for root from 112.33.3.175 port 47005 ssh2
Mar 20 11:20:57 evidence sshd[3656]: Received disconnect from 112.33.3.175: 11: Bye Bye [preauth]
Mar 20 11:21:01 evidence sshd[3658]: pam_unix(sshd:auth): authentication failure; logname= uid=0 euid=0 tty=ssh ruser= rhost=112.33.3.175  user=root
Mar 20 11:21:01 evidence sshd[3652]: message repeated 5 times: [ Failed password for root from 218.25.208.90 port 12913 ssh2]
Mar 20 11:21:01 evidence sshd[3652]: error: maximum authentication attempts exceeded for root from 218.25.208.90 port 12913 ssh2 [preauth]
Mar 20 11:21:01 evidence sshd[3652]: Disconnecting: Too many authentication failures for root [preauth]
Mar 20 11:21:01 evidence sshd[3652]: PAM 5 more authentication failures; logname= uid=0 euid=0 tty=ssh ruser= rhost=218.25.208.90  user=root
Mar 20 11:21:01 evidence sshd[3652]: PAM service(sshd) ignoring max retries; 6 > 3
Mar 20 11:21:03 evidence sshd[3658]: Failed password for root from 112.33.3.175 port 48564 ssh2
Mar 20 11:21:03 evidence sshd[3658]: Received disconnect from 112.33.3.175: 11: Bye Bye [preauth]
Mar 20 11:21:05 evidence sshd[3660]: pam_unix(sshd:auth): authentication failure; logname= uid=0 euid=0 tty=ssh ruser= rhost=218.25.208.90  user=root
Mar 20 11:21:07 evidence sshd[3660]: Failed password for root from 218.25.208.90 port 31176 ssh2
Mar 20 11:21:07 evidence sshd[3662]: pam_unix(sshd:auth): authentication failure; logname= uid=0 euid=0 tty=ssh ruser= rhost=112.33.3.175  user=root
Mar 20 11:21:09 evidence sshd[3662]: Failed password for root from 112.33.3.175 port 50228 ssh2
Mar 20 11:21:09 evidence sshd[3662]: Received disconnect from 112.33.3.175: 11: Bye Bye [preauth]
Mar 20 11:21:14 evidence sshd[3664]: pam_unix(sshd:auth): authentication failure; logname= uid=0 euid=0 tty=ssh ruser= rhost=112.33.3.175  user=root
Mar 20 11:21:16 evidence sshd[3664]: Failed password for root from 112.33.3.175 port 51987 ssh2
Mar 20 11:21:16 evidence sshd[3664]: Received disconnect from 112.33.3.175: 11: Bye Bye [preauth]
Mar 20 11:21:20 evidence sshd[3666]: pam_unix(sshd:auth): authentication failure; logname= uid=0 euid=0 tty=ssh ruser= rhost=112.33.3.175  user=root
Mar 20 11:21:21 evidence sshd[3660]: message repeated 5 times: [ Failed password for root from 218.25.208.90 port 31176 ssh2]
Mar 20 11:21:21 evidence sshd[3660]: error: maximum authentication attempts exceeded for root from 218.25.208.90 port 31176 ssh2 [preauth]
Mar 20 11:21:21 evidence sshd[3660]: Disconnecting: Too many authentication failures for root [preauth]
Mar 20 11:21:21 evidence sshd[3660]: PAM 5 more authentication failures; logname= uid=0 euid=0 tty=ssh ruser= rhost=218.25.208.90  user=root
Mar 20 11:21:21 evidence sshd[3660]: PAM service(sshd) ignoring max retries; 6 > 3
Mar 20 11:21:22 evidence sshd[3666]: Failed password for root from 112.33.3.175 port 53912 ssh2
Mar 20 11:21:22 evidence sshd[3666]: Received disconnect from 112.33.3.175: 11: Bye Bye [preauth]
Mar 20 11:21:25 evidence sshd[3668]: pam_unix(sshd:auth): authentication failure; logname= uid=0 euid=0 tty=ssh ruser= rhost=112.33.3.175  user=root
Mar 20 11:21:26 evidence sshd[3670]: pam_unix(sshd:auth): authentication failure; logname= uid=0 euid=0 tty=ssh ruser= rhost=218.25.208.90  user=root
Mar 20 11:21:27 evidence sshd[3668]: Failed password for root from 112.33.3.175 port 55702 ssh2
Mar 20 11:21:27 evidence sshd[3668]: Received disconnect from 112.33.3.175: 11: Bye Bye [preauth]
Mar 20 11:21:28 evidence sshd[3670]: Failed password for root from 218.25.208.90 port 49303 ssh2
Mar 20 11:21:30 evidence sshd[3672]: pam_unix(sshd:auth): authentication failure; logname= uid=0 euid=0 tty=ssh ruser= rhost=112.33.3.175  user=root
Mar 20 11:21:32 evidence sshd[3672]: Failed password for root from 112.33.3.175 port 57159 ssh2
Mar 20 11:21:32 evidence sshd[3672]: Received disconnect from 112.33.3.175: 11: Bye Bye [preauth]
Mar 20 11:21:34 evidence sshd[3674]: pam_unix(sshd:auth): authentication failure; logname= uid=0 euid=0 tty=ssh ruser= rhost=112.33.3.175  user=root
Mar 20 11:21:36 evidence sshd[3674]: Failed password for root from 112.33.3.175 port 58615 ssh2
Mar 20 11:21:36 evidence sshd[3674]: Received disconnect from 112.33.3.175: 11: Bye Bye [preauth]
Mar 20 11:21:38 evidence sshd[3676]: pam_unix(sshd:auth): authentication failure; logname= uid=0 euid=0 tty=ssh ruser= rhost=112.33.3.175  user=root
Mar 20 11:21:40 evidence sshd[3676]: Failed password for root from 112.33.3.175 port 59724 ssh2
Mar 20 11:21:41 evidence sshd[3676]: Received disconnect from 112.33.3.175: 11: Bye Bye [preauth]
Mar 20 11:21:42 evidence sshd[3670]: message repeated 5 times: [ Failed password for root from 218.25.208.90 port 49303 ssh2]
Mar 20 11:21:42 evidence sshd[3670]: error: maximum authentication attempts exceeded for root from 218.25.208.90 port 49303 ssh2 [preauth]
Mar 20 11:21:42 evidence sshd[3670]: Disconnecting: Too many authentication failures for root [preauth]
Mar 20 11:21:42 evidence sshd[3670]: PAM 5 more authentication failures; logname= uid=0 euid=0 tty=ssh ruser= rhost=218.25.208.90  user=root
Mar 20 11:21:42 evidence sshd[3670]: PAM service(sshd) ignoring max retries; 6 > 3
Mar 20 11:21:44 evidence sshd[3678]: pam_unix(sshd:auth): authentication failure; logname= uid=0 euid=0 tty=ssh ruser= rhost=112.33.3.175  user=root
Mar 20 11:21:47 evidence sshd[3678]: Failed password for root from 112.33.3.175 port 32880 ssh2
Mar 20 11:21:47 evidence sshd[3680]: pam_unix(sshd:auth): authentication failure; logname= uid=0 euid=0 tty=ssh ruser= rhost=218.25.208.90  user=root
Mar 20 11:21:47 evidence sshd[3678]: Received disconnect from 112.33.3.175: 11: Bye Bye [preauth]
Mar 20 11:21:49 evidence sshd[3680]: Failed password for root from 218.25.208.90 port 3704 ssh2
Mar 20 11:21:50 evidence sshd[3682]: pam_unix(sshd:auth): authentication failure; logname= uid=0 euid=0 tty=ssh ruser= rhost=112.33.3.175  user=root
Mar 20 11:21:52 evidence sshd[3682]: Failed password for root from 112.33.3.175 port 34752 ssh2
Mar 20 11:21:52 evidence sshd[3682]: Received disconnect from 112.33.3.175: 11: Bye Bye [preauth]
Mar 20 11:21:56 evidence sshd[3684]: pam_unix(sshd:auth): authentication failure; logname= uid=0 euid=0 tty=ssh ruser= rhost=112.33.3.175  user=root
Mar 20 11:21:58 evidence sshd[3684]: Failed password for root from 112.33.3.175 port 36248 ssh2
Mar 20 11:21:58 evidence sshd[3684]: Received disconnect from 112.33.3.175: 11: Bye Bye [preauth]
Mar 20 11:22:03 evidence sshd[3686]: pam_unix(sshd:auth): authentication failure; logname= uid=0 euid=0 tty=ssh ruser= rhost=112.33.3.175  user=root
Mar 20 11:22:04 evidence sshd[3686]: Failed password for root from 112.33.3.175 port 37903 ssh2
Mar 20 11:22:04 evidence sshd[3686]: Received disconnect from 112.33.3.175: 11: Bye Bye [preauth]
Mar 20 11:22:04 evidence sshd[3680]: message repeated 5 times: [ Failed password for root from 218.25.208.90 port 3704 ssh2]
Mar 20 11:22:04 evidence sshd[3680]: error: maximum authentication attempts exceeded for root from 218.25.208.90 port 3704 ssh2 [preauth]
Mar 20 11:22:04 evidence sshd[3680]: Disconnecting: Too many authentication failures for root [preauth]
Mar 20 11:22:04 evidence sshd[3680]: PAM 5 more authentication failures; logname= uid=0 euid=0 tty=ssh ruser= rhost=218.25.208.90  user=root
Mar 20 11:22:04 evidence sshd[3680]: PAM service(sshd) ignoring max retries; 6 > 3
Mar 20 11:22:07 evidence sshd[3688]: pam_unix(sshd:auth): authentication failure; logname= uid=0 euid=0 tty=ssh ruser= rhost=112.33.3.175  user=root
Mar 20 11:22:08 evidence sshd[3690]: pam_unix(sshd:auth): authentication failure; logname= uid=0 euid=0 tty=ssh ruser= rhost=218.25.208.90  user=root
Mar 20 11:22:09 evidence sshd[3688]: Failed password for root from 112.33.3.175 port 39585 ssh2
Mar 20 11:22:10 evidence sshd[3688]: Received disconnect from 112.33.3.175: 11: Bye Bye [preauth]
Mar 20 11:22:10 evidence sshd[3690]: Failed password for root from 218.25.208.90 port 24099 ssh2
Mar 20 11:22:14 evidence sshd[3692]: pam_unix(sshd:auth): authentication failure; logname= uid=0 euid=0 tty=ssh ruser= rhost=112.33.3.175  user=root
Mar 20 11:22:16 evidence sshd[3692]: Failed password for root from 112.33.3.175 port 41133 ssh2
Mar 20 11:22:16 evidence sshd[3692]: Received disconnect from 112.33.3.175: 11: Bye Bye [preauth]
Mar 20 11:22:20 evidence sshd[3694]: pam_unix(sshd:auth): authentication failure; logname= uid=0 euid=0 tty=ssh ruser= rhost=112.33.3.175  user=root
Mar 20 11:22:22 evidence sshd[3694]: Failed password for root from 112.33.3.175 port 43073 ssh2
Mar 20 11:22:22 evidence sshd[3694]: Received disconnect from 112.33.3.175: 11: Bye Bye [preauth]
Mar 20 11:22:24 evidence sshd[3696]: pam_unix(sshd:auth): authentication failure; logname= uid=0 euid=0 tty=ssh ruser= rhost=112.33.3.175  user=root
Mar 20 11:22:24 evidence sshd[3690]: message repeated 5 times: [ Failed password for root from 218.25.208.90 port 24099 ssh2]
Mar 20 11:22:24 evidence sshd[3690]: error: maximum authentication attempts exceeded for root from 218.25.208.90 port 24099 ssh2 [preauth]
Mar 20 11:22:24 evidence sshd[3690]: Disconnecting: Too many authentication failures for root [preauth]
Mar 20 11:22:24 evidence sshd[3690]: PAM 5 more authentication failures; logname= uid=0 euid=0 tty=ssh ruser= rhost=218.25.208.90  user=root
Mar 20 11:22:24 evidence sshd[3690]: PAM service(sshd) ignoring max retries; 6 > 3
Mar 20 11:22:26 evidence sshd[3696]: Failed password for root from 112.33.3.175 port 44725 ssh2
Mar 20 11:22:26 evidence sshd[3696]: Received disconnect from 112.33.3.175: 11: Bye Bye [preauth]
Mar 20 11:22:28 evidence sshd[3698]: pam_unix(sshd:auth): authentication failure; logname= uid=0 euid=0 tty=ssh ruser= rhost=218.25.208.90  user=root
Mar 20 11:22:29 evidence sshd[3698]: Failed password for root from 218.25.208.90 port 41915 ssh2
Mar 20 11:22:30 evidence sshd[3700]: pam_unix(sshd:auth): authentication failure; logname= uid=0 euid=0 tty=ssh ruser= rhost=112.33.3.175  user=root
Mar 20 11:22:32 evidence sshd[3700]: Failed password for root from 112.33.3.175 port 45932 ssh2
Mar 20 11:22:33 evidence sshd[3700]: Received disconnect from 112.33.3.175: 11: Bye Bye [preauth]
Mar 20 11:22:35 evidence sshd[3702]: pam_unix(sshd:auth): authentication failure; logname= uid=0 euid=0 tty=ssh ruser= rhost=112.33.3.175  user=root
Mar 20 11:22:37 evidence sshd[3702]: Failed password for root from 112.33.3.175 port 47770 ssh2
Mar 20 11:22:37 evidence sshd[3702]: Received disconnect from 112.33.3.175: 11: Bye Bye [preauth]
Mar 20 11:22:39 evidence sshd[3704]: pam_unix(sshd:auth): authentication failure; logname= uid=0 euid=0 tty=ssh ruser= rhost=112.33.3.175  user=root
Mar 20 11:22:41 evidence sshd[3704]: Failed password for root from 112.33.3.175 port 49101 ssh2
Mar 20 11:22:42 evidence sshd[3704]: Received disconnect from 112.33.3.175: 11: Bye Bye [preauth]
Mar 20 11:22:43 evidence sshd[3698]: message repeated 5 times: [ Failed password for root from 218.25.208.90 port 41915 ssh2]
Mar 20 11:22:43 evidence sshd[3698]: error: maximum authentication attempts exceeded for root from 218.25.208.90 port 41915 ssh2 [preauth]
Mar 20 11:22:43 evidence sshd[3698]: Disconnecting: Too many authentication failures for root [preauth]
Mar 20 11:22:43 evidence sshd[3698]: PAM 5 more authentication failures; logname= uid=0 euid=0 tty=ssh ruser= rhost=218.25.208.90  user=root
Mar 20 11:22:43 evidence sshd[3698]: PAM service(sshd) ignoring max retries; 6 > 3
Mar 20 11:22:44 evidence sshd[3706]: pam_unix(sshd:auth): authentication failure; logname= uid=0 euid=0 tty=ssh ruser= rhost=112.33.3.175  user=root
Mar 20 11:22:44 evidence sshd[3708]: reverse mapping checking getaddrinfo for 14.1.125.189.static.impsat.net.br [189.125.1.14] failed - POSSIBLE BREAK-IN ATTEMPT!
Mar 20 11:22:44 evidence sshd[3708]: Invalid user nixcraft from 189.125.1.14
Mar 20 11:22:44 evidence sshd[3708]: input_userauth_request: invalid user nixcraft [preauth]
Mar 20 11:22:44 evidence sshd[3708]: pam_unix(sshd:auth): check pass; user unknown
Mar 20 11:22:44 evidence sshd[3708]: pam_unix(sshd:auth): authentication failure; logname= uid=0 euid=0 tty=ssh ruser= rhost=189.125.1.14 
Mar 20 11:22:47 evidence sshd[3706]: Failed password for root from 112.33.3.175 port 50426 ssh2
Mar 20 11:22:47 evidence sshd[3708]: Failed password for invalid user nixcraft from 189.125.1.14 port 41536 ssh2
Mar 20 11:22:47 evidence sshd[3710]: pam_unix(sshd:auth): authentication failure; logname= uid=0 euid=0 tty=ssh ruser= rhost=218.25.208.90  user=root
Mar 20 11:22:47 evidence sshd[3708]: Received disconnect from 189.125.1.14: 11: Bye Bye [preauth]
Mar 20 11:22:47 evidence sshd[3706]: Received disconnect from 112.33.3.175: 11: Bye Bye [preauth]
Mar 20 11:22:48 evidence sshd[3710]: Failed password for root from 218.25.208.90 port 58694 ssh2
Mar 20 11:22:50 evidence sshd[3712]: pam_unix(sshd:auth): authentication failure; logname= uid=0 euid=0 tty=ssh ruser= rhost=112.33.3.175  user=root
Mar 20 11:22:52 evidence sshd[3712]: Failed password for root from 112.33.3.175 port 51952 ssh2
Mar 20 11:22:52 evidence sshd[3712]: Received disconnect from 112.33.3.175: 11: Bye Bye [preauth]
Mar 20 11:22:56 evidence sshd[3714]: pam_unix(sshd:auth): authentication failure; logname= uid=0 euid=0 tty=ssh ruser= rhost=112.33.3.175  user=root
Mar 20 11:22:59 evidence sshd[3714]: Failed password for root from 112.33.3.175 port 53494 ssh2
Mar 20 11:22:59 evidence sshd[3714]: Received disconnect from 112.33.3.175: 11: Bye Bye [preauth]
Mar 20 11:23:02 evidence sshd[3716]: pam_unix(sshd:auth): authentication failure; logname= uid=0 euid=0 tty=ssh ruser= rhost=112.33.3.175  user=root
Mar 20 11:23:04 evidence sshd[3710]: message repeated 5 times: [ Failed password for root from 218.25.208.90 port 58694 ssh2]
Mar 20 11:23:04 evidence sshd[3710]: error: maximum authentication attempts exceeded for root from 218.25.208.90 port 58694 ssh2 [preauth]
Mar 20 11:23:04 evidence sshd[3710]: Disconnecting: Too many authentication failures for root [preauth]
Mar 20 11:23:04 evidence sshd[3710]: PAM 5 more authentication failures; logname= uid=0 euid=0 tty=ssh ruser= rhost=218.25.208.90  user=root
Mar 20 11:23:04 evidence sshd[3710]: PAM service(sshd) ignoring max retries; 6 > 3
Mar 20 11:23:04 evidence sshd[3716]: Failed password for root from 112.33.3.175 port 55483 ssh2
Mar 20 11:23:04 evidence sshd[3716]: Received disconnect from 112.33.3.175: 11: Bye Bye [preauth]
Mar 20 11:23:07 evidence sshd[3718]: pam_unix(sshd:auth): authentication failure; logname= uid=0 euid=0 tty=ssh ruser= rhost=112.33.3.175  user=root
Mar 20 11:23:08 evidence sshd[3720]: pam_unix(sshd:auth): authentication failure; logname= uid=0 euid=0 tty=ssh ruser= rhost=218.25.208.90  user=root
Mar 20 11:23:09 evidence sshd[3718]: Failed password for root from 112.33.3.175 port 57064 ssh2
Mar 20 11:23:09 evidence sshd[3718]: Received disconnect from 112.33.3.175: 11: Bye Bye [preauth]
Mar 20 11:23:10 evidence sshd[3720]: Failed password for root from 218.25.208.90 port 12783 ssh2
Mar 20 11:23:12 evidence sshd[3722]: pam_unix(sshd:auth): authentication failure; logname= uid=0 euid=0 tty=ssh ruser= rhost=112.33.3.175  user=root
Mar 20 11:23:14 evidence sshd[3722]: Failed password for root from 112.33.3.175 port 58306 ssh2
Mar 20 11:23:14 evidence sshd[3722]: Received disconnect from 112.33.3.175: 11: Bye Bye [preauth]
Mar 20 11:23:17 evidence sshd[3724]: pam_unix(sshd:auth): authentication failure; logname= uid=0 euid=0 tty=ssh ruser= rhost=112.33.3.175  user=root
Mar 20 11:23:19 evidence sshd[3724]: Failed password for root from 112.33.3.175 port 59879 ssh2
Mar 20 11:23:19 evidence sshd[3724]: Received disconnect from 112.33.3.175: 11: Bye Bye [preauth]
Mar 20 11:23:21 evidence sshd[3726]: pam_unix(sshd:auth): authentication failure; logname= uid=0 euid=0 tty=ssh ruser= rhost=112.33.3.175  user=root
Mar 20 11:23:23 evidence sshd[3726]: Failed password for root from 112.33.3.175 port 33026 ssh2
Mar 20 11:23:23 evidence sshd[3726]: Received disconnect from 112.33.3.175: 11: Bye Bye [preauth]
Mar 20 11:23:24 evidence sshd[3720]: message repeated 5 times: [ Failed password for root from 218.25.208.90 port 12783 ssh2]
Mar 20 11:23:24 evidence sshd[3720]: error: maximum authentication attempts exceeded for root from 218.25.208.90 port 12783 ssh2 [preauth]
Mar 20 11:23:24 evidence sshd[3720]: Disconnecting: Too many authentication failures for root [preauth]
Mar 20 11:23:24 evidence sshd[3720]: PAM 5 more authentication failures; logname= uid=0 euid=0 tty=ssh ruser= rhost=218.25.208.90  user=root
Mar 20 11:23:24 evidence sshd[3720]: PAM service(sshd) ignoring max retries; 6 > 3
Mar 20 11:23:26 evidence sshd[3728]: pam_unix(sshd:auth): authentication failure; logname= uid=0 euid=0 tty=ssh ruser= rhost=112.33.3.175  user=root
Mar 20 11:23:27 evidence sshd[3732]: Invalid user dell from 40.113.92.188
Mar 20 11:23:27 evidence sshd[3732]: input_userauth_request: invalid user dell [preauth]
Mar 20 11:23:27 evidence sshd[3732]: pam_unix(sshd:auth): check pass; user unknown
Mar 20 11:23:27 evidence sshd[3732]: pam_unix(sshd:auth): authentication failure; logname= uid=0 euid=0 tty=ssh ruser= rhost=40.113.92.188 
Mar 20 11:23:28 evidence sshd[3730]: pam_unix(sshd:auth): authentication failure; logname= uid=0 euid=0 tty=ssh ruser= rhost=218.25.208.90  user=root
Mar 20 11:23:28 evidence sshd[3728]: Failed password for root from 112.33.3.175 port 34278 ssh2
Mar 20 11:23:28 evidence sshd[3728]: Received disconnect from 112.33.3.175: 11: Bye Bye [preauth]
Mar 20 11:23:29 evidence sshd[3732]: Failed password for invalid user dell from 40.113.92.188 port 1328 ssh2
Mar 20 11:23:29 evidence sshd[3732]: Received disconnect from 40.113.92.188: 11: Bye Bye [preauth]
Mar 20 11:23:29 evidence sshd[3730]: Failed password for root from 218.25.208.90 port 30818 ssh2
Mar 20 11:23:32 evidence sshd[3734]: pam_unix(sshd:auth): authentication failure; logname= uid=0 euid=0 tty=ssh ruser= rhost=112.33.3.175  user=root
Mar 20 11:23:34 evidence sshd[3734]: Failed password for root from 112.33.3.175 port 35721 ssh2
Mar 20 11:23:34 evidence sshd[3734]: Received disconnect from 112.33.3.175: 11: Bye Bye [preauth]
Mar 20 11:23:37 evidence sshd[3736]: pam_unix(sshd:auth): authentication failure; logname= uid=0 euid=0 tty=ssh ruser= rhost=112.33.3.175  user=root
Mar 20 11:23:39 evidence sshd[3736]: Failed password for root from 112.33.3.175 port 37488 ssh2
Mar 20 11:23:40 evidence sshd[3736]: Received disconnect from 112.33.3.175: 11: Bye Bye [preauth]
Mar 20 11:23:42 evidence sshd[3738]: pam_unix(sshd:auth): authentication failure; logname= uid=0 euid=0 tty=ssh ruser= rhost=112.33.3.175  user=root
Mar 20 11:23:43 evidence sshd[3730]: message repeated 5 times: [ Failed password for root from 218.25.208.90 port 30818 ssh2]
Mar 20 11:23:43 evidence sshd[3730]: error: maximum authentication attempts exceeded for root from 218.25.208.90 port 30818 ssh2 [preauth]
Mar 20 11:23:43 evidence sshd[3730]: Disconnecting: Too many authentication failures for root [preauth]
Mar 20 11:23:43 evidence sshd[3730]: PAM 5 more authentication failures; logname= uid=0 euid=0 tty=ssh ruser= rhost=218.25.208.90  user=root
Mar 20 11:23:43 evidence sshd[3730]: PAM service(sshd) ignoring max retries; 6 > 3
Mar 20 11:23:44 evidence sshd[3738]: Failed password for root from 112.33.3.175 port 39031 ssh2
Mar 20 11:23:44 evidence sshd[3738]: Received disconnect from 112.33.3.175: 11: Bye Bye [preauth]
Mar 20 11:23:47 evidence sshd[3742]: pam_unix(sshd:auth): authentication failure; logname= uid=0 euid=0 tty=ssh ruser= rhost=112.33.3.175  user=root
Mar 20 11:23:49 evidence sshd[3742]: Failed password for root from 112.33.3.175 port 40383 ssh2
Mar 20 11:23:49 evidence sshd[3742]: Received disconnect from 112.33.3.175: 11: Bye Bye [preauth]
Mar 20 11:23:51 evidence sshd[3744]: pam_unix(sshd:auth): authentication failure; logname= uid=0 euid=0 tty=ssh ruser= rhost=112.33.3.175  user=root
Mar 20 11:23:53 evidence sshd[3744]: Failed password for root from 112.33.3.175 port 41722 ssh2
Mar 20 11:23:53 evidence sshd[3744]: Received disconnect from 112.33.3.175: 11: Bye Bye [preauth]
Mar 20 11:23:55 evidence sshd[3740]: pam_unix(sshd:auth): authentication failure; logname= uid=0 euid=0 tty=ssh ruser= rhost=218.25.208.90  user=root
Mar 20 11:23:56 evidence sshd[3746]: pam_unix(sshd:auth): authentication failure; logname= uid=0 euid=0 tty=ssh ruser= rhost=112.33.3.175  user=root
Mar 20 11:23:57 evidence sshd[3740]: Failed password for root from 218.25.208.90 port 47470 ssh2
Mar 20 11:23:58 evidence sshd[3746]: Failed password for root from 112.33.3.175 port 43002 ssh2
Mar 20 11:23:58 evidence sshd[3746]: Received disconnect from 112.33.3.175: 11: Bye Bye [preauth]
Mar 20 11:24:03 evidence sshd[3748]: pam_unix(sshd:auth): authentication failure; logname= uid=0 euid=0 tty=ssh ruser= rhost=112.33.3.175  user=root
Mar 20 11:24:05 evidence sshd[3748]: Failed password for root from 112.33.3.175 port 44476 ssh2
Mar 20 11:24:05 evidence sshd[3748]: Received disconnect from 112.33.3.175: 11: Bye Bye [preauth]
Mar 20 11:24:08 evidence sshd[3750]: pam_unix(sshd:auth): authentication failure; logname= uid=0 euid=0 tty=ssh ruser= rhost=112.33.3.175  user=root
Mar 20 11:24:10 evidence sshd[3750]: Failed password for root from 112.33.3.175 port 46521 ssh2
Mar 20 11:24:10 evidence sshd[3750]: Received disconnect from 112.33.3.175: 11: Bye Bye [preauth]
Mar 20 11:24:11 evidence sshd[3740]: message repeated 5 times: [ Failed password for root from 218.25.208.90 port 47470 ssh2]
Mar 20 11:24:11 evidence sshd[3740]: error: maximum authentication attempts exceeded for root from 218.25.208.90 port 47470 ssh2 [preauth]
Mar 20 11:24:11 evidence sshd[3740]: Disconnecting: Too many authentication failures for root [preauth]
Mar 20 11:24:11 evidence sshd[3740]: PAM 5 more authentication failures; logname= uid=0 euid=0 tty=ssh ruser= rhost=218.25.208.90  user=root
Mar 20 11:24:11 evidence sshd[3740]: PAM service(sshd) ignoring max retries; 6 > 3
Mar 20 11:24:13 evidence sshd[3752]: pam_unix(sshd:auth): authentication failure; logname= uid=0 euid=0 tty=ssh ruser= rhost=112.33.3.175  user=root
Mar 20 11:24:15 evidence sshd[3752]: Failed password for root from 112.33.3.175 port 47969 ssh2
Mar 20 11:24:15 evidence sshd[3754]: pam_unix(sshd:auth): authentication failure; logname= uid=0 euid=0 tty=ssh ruser= rhost=218.25.208.90  user=root
Mar 20 11:24:15 evidence sshd[3752]: Received disconnect from 112.33.3.175: 11: Bye Bye [preauth]
Mar 20 11:24:17 evidence sshd[3754]: Failed password for root from 218.25.208.90 port 8144 ssh2
Mar 20 11:24:18 evidence sshd[3756]: pam_unix(sshd:auth): authentication failure; logname= uid=0 euid=0 tty=ssh ruser= rhost=112.33.3.175  user=root
Mar 20 11:24:21 evidence sshd[3756]: Failed password for root from 112.33.3.175 port 49362 ssh2
Mar 20 11:24:21 evidence sshd[3756]: Received disconnect from 112.33.3.175: 11: Bye Bye [preauth]
Mar 20 11:24:24 evidence sshd[3758]: pam_unix(sshd:auth): authentication failure; logname= uid=0 euid=0 tty=ssh ruser= rhost=112.33.3.175  user=root
Mar 20 11:24:25 evidence sshd[3758]: Failed password for root from 112.33.3.175 port 51037 ssh2
Mar 20 11:24:26 evidence sshd[3758]: Received disconnect from 112.33.3.175: 11: Bye Bye [preauth]
Mar 20 11:24:28 evidence sshd[3760]: pam_unix(sshd:auth): authentication failure; logname= uid=0 euid=0 tty=ssh ruser= rhost=112.33.3.175  user=root
Mar 20 11:24:31 evidence sshd[3760]: Failed password for root from 112.33.3.175 port 52397 ssh2
Mar 20 11:24:31 evidence sshd[3760]: Received disconnect from 112.33.3.175: 11: Bye Bye [preauth]
Mar 20 11:24:31 evidence sshd[3754]: message repeated 5 times: [ Failed password for root from 218.25.208.90 port 8144 ssh2]
Mar 20 11:24:31 evidence sshd[3754]: error: maximum authentication attempts exceeded for root from 218.25.208.90 port 8144 ssh2 [preauth]
Mar 20 11:24:31 evidence sshd[3754]: Disconnecting: Too many authentication failures for root [preauth]
Mar 20 11:24:31 evidence sshd[3754]: PAM 5 more authentication failures; logname= uid=0 euid=0 tty=ssh ruser= rhost=218.25.208.90  user=root
Mar 20 11:24:31 evidence sshd[3754]: PAM service(sshd) ignoring max retries; 6 > 3
Mar 20 11:24:33 evidence sshd[3762]: pam_unix(sshd:auth): authentication failure; logname= uid=0 euid=0 tty=ssh ruser= rhost=112.33.3.175  user=root
Mar 20 11:24:35 evidence sshd[3762]: Failed password for root from 112.33.3.175 port 53891 ssh2
Mar 20 11:24:35 evidence sshd[3764]: pam_unix(sshd:auth): authentication failure; logname= uid=0 euid=0 tty=ssh ruser= rhost=218.25.208.90  user=root
Mar 20 11:24:35 evidence sshd[3762]: Received disconnect from 112.33.3.175: 11: Bye Bye [preauth]
Mar 20 11:24:37 evidence sshd[3764]: Failed password for root from 218.25.208.90 port 25799 ssh2
Mar 20 11:24:38 evidence sshd[3766]: pam_unix(sshd:auth): authentication failure; logname= uid=0 euid=0 tty=ssh ruser= rhost=112.33.3.175  user=root
Mar 20 11:24:40 evidence sshd[3766]: Failed password for root from 112.33.3.175 port 55137 ssh2
Mar 20 11:24:40 evidence sshd[3766]: Received disconnect from 112.33.3.175: 11: Bye Bye [preauth]
Mar 20 11:24:43 evidence sshd[3768]: pam_unix(sshd:auth): authentication failure; logname= uid=0 euid=0 tty=ssh ruser= rhost=112.33.3.175  user=root
Mar 20 11:24:45 evidence sshd[3768]: Failed password for root from 112.33.3.175 port 56579 ssh2
Mar 20 11:24:45 evidence sshd[3768]: Received disconnect from 112.33.3.175: 11: Bye Bye [preauth]
Mar 20 11:24:47 evidence sshd[3770]: pam_unix(sshd:auth): authentication failure; logname= uid=0 euid=0 tty=ssh ruser= rhost=112.33.3.175  user=root
Mar 20 11:24:49 evidence sshd[3770]: Failed password for root from 112.33.3.175 port 58017 ssh2
Mar 20 11:24:49 evidence sshd[3770]: Received disconnect from 112.33.3.175: 11: Bye Bye [preauth]
Mar 20 11:24:51 evidence sshd[3772]: pam_unix(sshd:auth): authentication failure; logname= uid=0 euid=0 tty=ssh ruser= rhost=112.33.3.175  user=root
Mar 20 11:24:53 evidence sshd[3764]: message repeated 5 times: [ Failed password for root from 218.25.208.90 port 25799 ssh2]
Mar 20 11:24:53 evidence sshd[3764]: error: maximum authentication attempts exceeded for root from 218.25.208.90 port 25799 ssh2 [preauth]
Mar 20 11:24:53 evidence sshd[3764]: Disconnecting: Too many authentication failures for root [preauth]
Mar 20 11:24:53 evidence sshd[3764]: PAM 5 more authentication failures; logname= uid=0 euid=0 tty=ssh ruser= rhost=218.25.208.90  user=root
Mar 20 11:24:53 evidence sshd[3764]: PAM service(sshd) ignoring max retries; 6 > 3
Mar 20 11:24:54 evidence sshd[3772]: Failed password for root from 112.33.3.175 port 59166 ssh2
Mar 20 11:24:54 evidence sshd[3772]: Received disconnect from 112.33.3.175: 11: Bye Bye [preauth]
Mar 20 11:24:56 evidence sshd[3774]: pam_unix(sshd:auth): authentication failure; logname= uid=0 euid=0 tty=ssh ruser= rhost=112.33.3.175  user=root
Mar 20 11:24:57 evidence sshd[3775]: pam_unix(sshd:auth): authentication failure; logname= uid=0 euid=0 tty=ssh ruser= rhost=218.25.208.90  user=root
Mar 20 11:24:59 evidence sshd[3774]: Failed password for root from 112.33.3.175 port 60589 ssh2
Mar 20 11:24:59 evidence sshd[3775]: Failed password for root from 218.25.208.90 port 44378 ssh2
Mar 20 11:24:59 evidence sshd[3774]: Received disconnect from 112.33.3.175: 11: Bye Bye [preauth]
Mar 20 11:25:01 evidence sshd[3778]: pam_unix(sshd:auth): authentication failure; logname= uid=0 euid=0 tty=ssh ruser= rhost=112.33.3.175  user=root
Mar 20 11:25:04 evidence sshd[3778]: Failed password for root from 112.33.3.175 port 33753 ssh2
Mar 20 11:25:04 evidence sshd[3778]: Received disconnect from 112.33.3.175: 11: Bye Bye [preauth]
Mar 20 11:25:08 evidence sshd[3780]: pam_unix(sshd:auth): authentication failure; logname= uid=0 euid=0 tty=ssh ruser= rhost=112.33.3.175  user=root
Mar 20 11:25:10 evidence sshd[3780]: Failed password for root from 112.33.3.175 port 35267 ssh2
Mar 20 11:25:11 evidence sshd[3780]: Received disconnect from 112.33.3.175: 11: Bye Bye [preauth]
Mar 20 11:25:13 evidence sshd[3782]: pam_unix(sshd:auth): authentication failure; logname= uid=0 euid=0 tty=ssh ruser= rhost=112.33.3.175  user=root
Mar 20 11:25:15 evidence sshd[3782]: Failed password for root from 112.33.3.175 port 37132 ssh2
Mar 20 11:25:15 evidence sshd[3775]: message repeated 5 times: [ Failed password for root from 218.25.208.90 port 44378 ssh2]
Mar 20 11:25:15 evidence sshd[3775]: error: maximum authentication attempts exceeded for root from 218.25.208.90 port 44378 ssh2 [preauth]
Mar 20 11:25:15 evidence sshd[3775]: Disconnecting: Too many authentication failures for root [preauth]
Mar 20 11:25:15 evidence sshd[3775]: PAM 5 more authentication failures; logname= uid=0 euid=0 tty=ssh ruser= rhost=218.25.208.90  user=root
Mar 20 11:25:15 evidence sshd[3775]: PAM service(sshd) ignoring max retries; 6 > 3
Mar 20 11:25:15 evidence sshd[3782]: Received disconnect from 112.33.3.175: 11: Bye Bye [preauth]
Mar 20 11:25:18 evidence sshd[3784]: pam_unix(sshd:auth): authentication failure; logname= uid=0 euid=0 tty=ssh ruser= rhost=112.33.3.175  user=root
Mar 20 11:25:20 evidence sshd[3786]: pam_unix(sshd:auth): authentication failure; logname= uid=0 euid=0 tty=ssh ruser= rhost=218.25.208.90  user=root
Mar 20 11:25:20 evidence sshd[3784]: Failed password for root from 112.33.3.175 port 38434 ssh2
Mar 20 11:25:20 evidence sshd[3784]: Received disconnect from 112.33.3.175: 11: Bye Bye [preauth]
Mar 20 11:25:22 evidence sshd[3786]: Failed password for root from 218.25.208.90 port 64054 ssh2
Mar 20 11:25:22 evidence sshd[3788]: pam_unix(sshd:auth): authentication failure; logname= uid=0 euid=0 tty=ssh ruser= rhost=112.33.3.175  user=root
Mar 20 11:25:25 evidence sshd[3788]: Failed password for root from 112.33.3.175 port 39942 ssh2
Mar 20 11:25:25 evidence sshd[3788]: Received disconnect from 112.33.3.175: 11: Bye Bye [preauth]
Mar 20 11:25:28 evidence sshd[3790]: pam_unix(sshd:auth): authentication failure; logname= uid=0 euid=0 tty=ssh ruser= rhost=112.33.3.175  user=root
Mar 20 11:25:30 evidence sshd[3790]: Failed password for root from 112.33.3.175 port 41239 ssh2
Mar 20 11:25:30 evidence sshd[3790]: Received disconnect from 112.33.3.175: 11: Bye Bye [preauth]
Mar 20 11:25:34 evidence sshd[3792]: pam_unix(sshd:auth): authentication failure; logname= uid=0 euid=0 tty=ssh ruser= rhost=112.33.3.175  user=root
Mar 20 11:25:36 evidence sshd[3792]: Failed password for root from 112.33.3.175 port 42893 ssh2
Mar 20 11:25:36 evidence sshd[3792]: Received disconnect from 112.33.3.175: 11: Bye Bye [preauth]
Mar 20 11:25:38 evidence sshd[3786]: message repeated 5 times: [ Failed password for root from 218.25.208.90 port 64054 ssh2]
Mar 20 11:25:38 evidence sshd[3786]: error: maximum authentication attempts exceeded for root from 218.25.208.90 port 64054 ssh2 [preauth]
Mar 20 11:25:38 evidence sshd[3786]: Disconnecting: Too many authentication failures for root [preauth]
Mar 20 11:25:38 evidence sshd[3786]: PAM 5 more authentication failures; logname= uid=0 euid=0 tty=ssh ruser= rhost=218.25.208.90  user=root
Mar 20 11:25:38 evidence sshd[3786]: PAM service(sshd) ignoring max retries; 6 > 3
Mar 20 11:25:39 evidence sshd[3794]: pam_unix(sshd:auth): authentication failure; logname= uid=0 euid=0 tty=ssh ruser= rhost=112.33.3.175  user=root
Mar 20 11:25:41 evidence sshd[3794]: Failed password for root from 112.33.3.175 port 44480 ssh2
Mar 20 11:25:41 evidence sshd[3794]: Received disconnect from 112.33.3.175: 11: Bye Bye [preauth]
Mar 20 11:25:41 evidence sshd[3796]: pam_unix(sshd:auth): authentication failure; logname= uid=0 euid=0 tty=ssh ruser= rhost=218.25.208.90  user=root
Mar 20 11:25:44 evidence sshd[3796]: Failed password for root from 218.25.208.90 port 18704 ssh2
Mar 20 11:25:45 evidence sshd[3798]: pam_unix(sshd:auth): authentication failure; logname= uid=0 euid=0 tty=ssh ruser= rhost=112.33.3.175  user=root
Mar 20 11:25:46 evidence sshd[3798]: Failed password for root from 112.33.3.175 port 45856 ssh2
Mar 20 11:25:46 evidence sshd[3798]: Received disconnect from 112.33.3.175: 11: Bye Bye [preauth]
Mar 20 11:25:48 evidence sshd[3800]: pam_unix(sshd:auth): authentication failure; logname= uid=0 euid=0 tty=ssh ruser= rhost=112.33.3.175  user=root
Mar 20 11:25:50 evidence sshd[3800]: Failed password for root from 112.33.3.175 port 47326 ssh2
Mar 20 11:25:50 evidence sshd[3800]: Received disconnect from 112.33.3.175: 11: Bye Bye [preauth]
Mar 20 11:25:53 evidence sshd[3802]: pam_unix(sshd:auth): authentication failure; logname= uid=0 euid=0 tty=ssh ruser= rhost=112.33.3.175  user=root
Mar 20 11:25:55 evidence sshd[3802]: Failed password for root from 112.33.3.175 port 48648 ssh2
Mar 20 11:25:56 evidence sshd[3802]: Received disconnect from 112.33.3.175: 11: Bye Bye [preauth]
Mar 20 11:25:58 evidence sshd[3796]: message repeated 5 times: [ Failed password for root from 218.25.208.90 port 18704 ssh2]
Mar 20 11:25:58 evidence sshd[3796]: error: maximum authentication attempts exceeded for root from 218.25.208.90 port 18704 ssh2 [preauth]
Mar 20 11:25:58 evidence sshd[3796]: Disconnecting: Too many authentication failures for root [preauth]
Mar 20 11:25:58 evidence sshd[3796]: PAM 5 more authentication failures; logname= uid=0 euid=0 tty=ssh ruser= rhost=218.25.208.90  user=root
Mar 20 11:25:58 evidence sshd[3796]: PAM service(sshd) ignoring max retries; 6 > 3
Mar 20 11:25:59 evidence sshd[3804]: pam_unix(sshd:auth): authentication failure; logname= uid=0 euid=0 tty=ssh ruser= rhost=112.33.3.175  user=root
Mar 20 11:26:01 evidence sshd[3804]: Failed password for root from 112.33.3.175 port 50165 ssh2
Mar 20 11:26:01 evidence sshd[3804]: Received disconnect from 112.33.3.175: 11: Bye Bye [preauth]
Mar 20 11:26:02 evidence sshd[3806]: pam_unix(sshd:auth): authentication failure; logname= uid=0 euid=0 tty=ssh ruser= rhost=218.25.208.90  user=root
Mar 20 11:26:05 evidence sshd[3806]: Failed password for root from 218.25.208.90 port 36396 ssh2
Mar 20 11:26:05 evidence sshd[3808]: pam_unix(sshd:auth): authentication failure; logname= uid=0 euid=0 tty=ssh ruser= rhost=112.33.3.175  user=root
Mar 20 11:26:07 evidence sshd[3808]: Failed password for root from 112.33.3.175 port 51730 ssh2
Mar 20 11:26:08 evidence sshd[3808]: Received disconnect from 112.33.3.175: 11: Bye Bye [preauth]
Mar 20 11:26:12 evidence sshd[3810]: pam_unix(sshd:auth): authentication failure; logname= uid=0 euid=0 tty=ssh ruser= rhost=112.33.3.175  user=root
Mar 20 11:26:14 evidence sshd[3810]: Failed password for root from 112.33.3.175 port 53530 ssh2
Mar 20 11:26:14 evidence sshd[3810]: Received disconnect from 112.33.3.175: 11: Bye Bye [preauth]
Mar 20 11:26:17 evidence sshd[3812]: pam_unix(sshd:auth): authentication failure; logname= uid=0 euid=0 tty=ssh ruser= rhost=112.33.3.175  user=root
Mar 20 11:26:20 evidence sshd[3812]: Failed password for root from 112.33.3.175 port 55420 ssh2
Mar 20 11:26:20 evidence sshd[3806]: message repeated 5 times: [ Failed password for root from 218.25.208.90 port 36396 ssh2]
Mar 20 11:26:20 evidence sshd[3806]: error: maximum authentication attempts exceeded for root from 218.25.208.90 port 36396 ssh2 [preauth]
Mar 20 11:26:20 evidence sshd[3806]: Disconnecting: Too many authentication failures for root [preauth]
Mar 20 11:26:20 evidence sshd[3806]: PAM 5 more authentication failures; logname= uid=0 euid=0 tty=ssh ruser= rhost=218.25.208.90  user=root
Mar 20 11:26:20 evidence sshd[3806]: PAM service(sshd) ignoring max retries; 6 > 3
Mar 20 11:26:20 evidence sshd[3812]: Received disconnect from 112.33.3.175: 11: Bye Bye [preauth]
Mar 20 11:26:22 evidence sshd[3814]: pam_unix(sshd:auth): authentication failure; logname= uid=0 euid=0 tty=ssh ruser= rhost=112.33.3.175  user=root
Mar 20 11:26:23 evidence sshd[3816]: pam_unix(sshd:auth): authentication failure; logname= uid=0 euid=0 tty=ssh ruser= rhost=218.25.208.90  user=root
Mar 20 11:26:24 evidence sshd[3814]: Failed password for root from 112.33.3.175 port 57160 ssh2
Mar 20 11:26:25 evidence sshd[3814]: Received disconnect from 112.33.3.175: 11: Bye Bye [preauth]
Mar 20 11:26:25 evidence sshd[3816]: Failed password for root from 218.25.208.90 port 55294 ssh2
Mar 20 11:26:28 evidence sshd[3818]: pam_unix(sshd:auth): authentication failure; logname= uid=0 euid=0 tty=ssh ruser= rhost=112.33.3.175  user=root
Mar 20 11:26:30 evidence sshd[3818]: Failed password for root from 112.33.3.175 port 58586 ssh2
Mar 20 11:26:30 evidence sshd[3818]: Received disconnect from 112.33.3.175: 11: Bye Bye [preauth]
Mar 20 11:26:33 evidence sshd[3820]: pam_unix(sshd:auth): authentication failure; logname= uid=0 euid=0 tty=ssh ruser= rhost=112.33.3.175  user=root
Mar 20 11:26:34 evidence sshd[3820]: Failed password for root from 112.33.3.175 port 60216 ssh2
Mar 20 11:26:35 evidence sshd[3820]: Received disconnect from 112.33.3.175: 11: Bye Bye [preauth]
Mar 20 11:26:39 evidence sshd[3822]: pam_unix(sshd:auth): authentication failure; logname= uid=0 euid=0 tty=ssh ruser= rhost=112.33.3.175  user=root
Mar 20 11:26:39 evidence sshd[3816]: message repeated 5 times: [ Failed password for root from 218.25.208.90 port 55294 ssh2]
Mar 20 11:26:39 evidence sshd[3816]: error: maximum authentication attempts exceeded for root from 218.25.208.90 port 55294 ssh2 [preauth]
Mar 20 11:26:39 evidence sshd[3816]: Disconnecting: Too many authentication failures for root [preauth]
Mar 20 11:26:39 evidence sshd[3816]: PAM 5 more authentication failures; logname= uid=0 euid=0 tty=ssh ruser= rhost=218.25.208.90  user=root
Mar 20 11:26:39 evidence sshd[3816]: PAM service(sshd) ignoring max retries; 6 > 3
Mar 20 11:26:41 evidence sshd[3822]: Failed password for root from 112.33.3.175 port 33266 ssh2
Mar 20 11:26:41 evidence sshd[3822]: Received disconnect from 112.33.3.175: 11: Bye Bye [preauth]
Mar 20 11:26:43 evidence sshd[3824]: pam_unix(sshd:auth): authentication failure; logname= uid=0 euid=0 tty=ssh ruser= rhost=218.25.208.90  user=root
Mar 20 11:26:44 evidence sshd[3826]: pam_unix(sshd:auth): authentication failure; logname= uid=0 euid=0 tty=ssh ruser= rhost=112.33.3.175  user=root
Mar 20 11:26:44 evidence sshd[3824]: Failed password for root from 218.25.208.90 port 7672 ssh2
Mar 20 11:26:46 evidence sshd[3826]: Failed password for root from 112.33.3.175 port 34983 ssh2
Mar 20 11:26:46 evidence sshd[3826]: Received disconnect from 112.33.3.175: 11: Bye Bye [preauth]
Mar 20 11:26:49 evidence sshd[3828]: pam_unix(sshd:auth): authentication failure; logname= uid=0 euid=0 tty=ssh ruser= rhost=112.33.3.175  user=root
Mar 20 11:26:51 evidence sshd[3828]: Failed password for root from 112.33.3.175 port 36503 ssh2
Mar 20 11:26:51 evidence sshd[3828]: Received disconnect from 112.33.3.175: 11: Bye Bye [preauth]
Mar 20 11:26:54 evidence sshd[3830]: pam_unix(sshd:auth): authentication failure; logname= uid=0 euid=0 tty=ssh ruser= rhost=112.33.3.175  user=root
Mar 20 11:26:56 evidence sshd[3830]: Failed password for root from 112.33.3.175 port 37981 ssh2
Mar 20 11:26:56 evidence sshd[3830]: Received disconnect from 112.33.3.175: 11: Bye Bye [preauth]
Mar 20 11:26:58 evidence sshd[3832]: pam_unix(sshd:auth): authentication failure; logname= uid=0 euid=0 tty=ssh ruser= rhost=112.33.3.175  user=root
Mar 20 11:26:58 evidence sshd[3824]: message repeated 5 times: [ Failed password for root from 218.25.208.90 port 7672 ssh2]
Mar 20 11:26:58 evidence sshd[3824]: error: maximum authentication attempts exceeded for root from 218.25.208.90 port 7672 ssh2 [preauth]
Mar 20 11:26:58 evidence sshd[3824]: Disconnecting: Too many authentication failures for root [preauth]
Mar 20 11:26:58 evidence sshd[3824]: PAM 5 more authentication failures; logname= uid=0 euid=0 tty=ssh ruser= rhost=218.25.208.90  user=root
Mar 20 11:26:58 evidence sshd[3824]: PAM service(sshd) ignoring max retries; 6 > 3
Mar 20 11:27:00 evidence sshd[3832]: Failed password for root from 112.33.3.175 port 39409 ssh2
Mar 20 11:27:00 evidence sshd[3832]: Received disconnect from 112.33.3.175: 11: Bye Bye [preauth]
Mar 20 11:27:02 evidence sshd[3834]: pam_unix(sshd:auth): authentication failure; logname= uid=0 euid=0 tty=ssh ruser= rhost=218.25.208.90  user=root
Mar 20 11:27:03 evidence sshd[3836]: pam_unix(sshd:auth): authentication failure; logname= uid=0 euid=0 tty=ssh ruser= rhost=112.33.3.175  user=root
Mar 20 11:27:04 evidence sshd[3834]: Failed password for root from 218.25.208.90 port 25134 ssh2
Mar 20 11:27:05 evidence sshd[3836]: Failed password for root from 112.33.3.175 port 40637 ssh2
Mar 20 11:27:05 evidence sshd[3836]: Received disconnect from 112.33.3.175: 11: Bye Bye [preauth]
Mar 20 11:27:08 evidence sshd[3838]: pam_unix(sshd:auth): authentication failure; logname= uid=0 euid=0 tty=ssh ruser= rhost=112.33.3.175  user=root
Mar 20 11:27:10 evidence sshd[3838]: Failed password for root from 112.33.3.175 port 41983 ssh2
Mar 20 11:27:10 evidence sshd[3838]: Received disconnect from 112.33.3.175: 11: Bye Bye [preauth]
Mar 20 11:27:14 evidence sshd[3840]: pam_unix(sshd:auth): authentication failure; logname= uid=0 euid=0 tty=ssh ruser= rhost=112.33.3.175  user=root
Mar 20 11:27:16 evidence sshd[3840]: Failed password for root from 112.33.3.175 port 43421 ssh2
Mar 20 11:27:16 evidence sshd[3840]: Received disconnect from 112.33.3.175: 11: Bye Bye [preauth]
Mar 20 11:27:17 evidence sshd[3834]: message repeated 5 times: [ Failed password for root from 218.25.208.90 port 25134 ssh2]
Mar 20 11:27:17 evidence sshd[3834]: error: maximum authentication attempts exceeded for root from 218.25.208.90 port 25134 ssh2 [preauth]
Mar 20 11:27:17 evidence sshd[3834]: Disconnecting: Too many authentication failures for root [preauth]
Mar 20 11:27:17 evidence sshd[3834]: PAM 5 more authentication failures; logname= uid=0 euid=0 tty=ssh ruser= rhost=218.25.208.90  user=root
Mar 20 11:27:17 evidence sshd[3834]: PAM service(sshd) ignoring max retries; 6 > 3
Mar 20 11:27:19 evidence sshd[3842]: pam_unix(sshd:auth): authentication failure; logname= uid=0 euid=0 tty=ssh ruser= rhost=112.33.3.175  user=root
Mar 20 11:27:20 evidence sshd[3842]: Failed password for root from 112.33.3.175 port 45291 ssh2
Mar 20 11:27:21 evidence sshd[3842]: Received disconnect from 112.33.3.175: 11: Bye Bye [preauth]
Mar 20 11:27:26 evidence sshd[3846]: pam_unix(sshd:auth): authentication failure; logname= uid=0 euid=0 tty=ssh ruser= rhost=112.33.3.175  user=root
Mar 20 11:27:26 evidence sshd[3844]: pam_unix(sshd:auth): authentication failure; logname= uid=0 euid=0 tty=ssh ruser= rhost=218.25.208.90  user=root
